Archive member included because of file (symbol)

d:/course embedded system/tools/imt sdk/imt_sdk_win_64/winavr/bin/../lib/gcc/avr/4.3.3/avr5\libgcc.a(_mulsi3.o)
                              ./MCAL/TIMER2/TIMER2_prg.o (__mulsi3)
d:/course embedded system/tools/imt sdk/imt_sdk_win_64/winavr/bin/../lib/gcc/avr/4.3.3/avr5\libgcc.a(_divmodhi4.o)
                              ./APP/Q_learning.o (__divmodhi4)
d:/course embedded system/tools/imt sdk/imt_sdk_win_64/winavr/bin/../lib/gcc/avr/4.3.3/avr5\libgcc.a(_udivmodsi4.o)
                              ./MCAL/TIMER2/TIMER2_prg.o (__udivmodsi4)
d:/course embedded system/tools/imt sdk/imt_sdk_win_64/winavr/bin/../lib/gcc/avr/4.3.3/avr5\libgcc.a(_exit.o)
                              d:/course embedded system/tools/imt sdk/imt_sdk_win_64/winavr/bin/../lib/gcc/avr/4.3.3/../../../../avr/lib/avr5/crtm32.o (exit)
d:/course embedded system/tools/imt sdk/imt_sdk_win_64/winavr/bin/../lib/gcc/avr/4.3.3/avr5\libgcc.a(_copy_data.o)
                              ./HAL/SIM808/SIM808_prg.o (__do_copy_data)
d:/course embedded system/tools/imt sdk/imt_sdk_win_64/winavr/bin/../lib/gcc/avr/4.3.3/avr5\libgcc.a(_clear_bss.o)
                              ./MCAL/UART/UART_prg.o (__do_clear_bss)
d:/course embedded system/tools/imt sdk/imt_sdk_win_64/winavr/bin/../lib/gcc/avr/4.3.3/avr5\libgcc.a(_ashldi3.o)
                              ./MCAL/UART/UART_prg.o (__ashldi3)
d:/course embedded system/tools/imt sdk/imt_sdk_win_64/winavr/bin/../lib/gcc/avr/4.3.3/avr5\libgcc.a(_fixunssfsi.o)
                              ./MCAL/TIMER0/millis.o (__fixunssfsi)
d:/course embedded system/tools/imt sdk/imt_sdk_win_64/winavr/bin/../lib/gcc/avr/4.3.3/avr5\libgcc.a(_udivdi3.o)
                              ./MCAL/UART/UART_prg.o (__udivdi3)
d:/course embedded system/tools/imt sdk/imt_sdk_win_64/winavr/bin/../lib/gcc/avr/4.3.3/avr5\libgcc.a(_umoddi3.o)
                              ./MCAL/UART/UART_prg.o (__umoddi3)
d:/course embedded system/tools/imt sdk/imt_sdk_win_64/winavr/bin/../lib/gcc/avr/4.3.3/avr5\libgcc.a(_addsub_sf.o)
                              d:/course embedded system/tools/imt sdk/imt_sdk_win_64/winavr/bin/../lib/gcc/avr/4.3.3/avr5\libgcc.a(_fixunssfsi.o) (__subsf3)
d:/course embedded system/tools/imt sdk/imt_sdk_win_64/winavr/bin/../lib/gcc/avr/4.3.3/avr5\libgcc.a(_mul_sf.o)
                              ./MCAL/TIMER0/millis.o (__mulsf3)
d:/course embedded system/tools/imt sdk/imt_sdk_win_64/winavr/bin/../lib/gcc/avr/4.3.3/avr5\libgcc.a(_div_sf.o)
                              ./APP/Q_learning.o (__divsf3)
d:/course embedded system/tools/imt sdk/imt_sdk_win_64/winavr/bin/../lib/gcc/avr/4.3.3/avr5\libgcc.a(_eq_sf.o)
                              ./APP/Q_learning.o (__eqsf2)
d:/course embedded system/tools/imt sdk/imt_sdk_win_64/winavr/bin/../lib/gcc/avr/4.3.3/avr5\libgcc.a(_ge_sf.o)
                              ./APP/Q_learning.o (__gesf2)
d:/course embedded system/tools/imt sdk/imt_sdk_win_64/winavr/bin/../lib/gcc/avr/4.3.3/avr5\libgcc.a(_le_sf.o)
                              ./APP/Q_learning.o (__lesf2)
d:/course embedded system/tools/imt sdk/imt_sdk_win_64/winavr/bin/../lib/gcc/avr/4.3.3/avr5\libgcc.a(_si_to_sf.o)
                              ./MCAL/TIMER0/millis.o (__floatsisf)
d:/course embedded system/tools/imt sdk/imt_sdk_win_64/winavr/bin/../lib/gcc/avr/4.3.3/avr5\libgcc.a(_sf_to_si.o)
                              d:/course embedded system/tools/imt sdk/imt_sdk_win_64/winavr/bin/../lib/gcc/avr/4.3.3/avr5\libgcc.a(_fixunssfsi.o) (__fixsfsi)
d:/course embedded system/tools/imt sdk/imt_sdk_win_64/winavr/bin/../lib/gcc/avr/4.3.3/avr5\libgcc.a(_thenan_sf.o)
                              d:/course embedded system/tools/imt sdk/imt_sdk_win_64/winavr/bin/../lib/gcc/avr/4.3.3/avr5\libgcc.a(_addsub_sf.o) (__thenan_sf)
d:/course embedded system/tools/imt sdk/imt_sdk_win_64/winavr/bin/../lib/gcc/avr/4.3.3/avr5\libgcc.a(_usi_to_sf.o)
                              ./MCAL/TIMER0/millis.o (__floatunsisf)
d:/course embedded system/tools/imt sdk/imt_sdk_win_64/winavr/bin/../lib/gcc/avr/4.3.3/avr5\libgcc.a(_udivmodhi4.o)
                              d:/course embedded system/tools/imt sdk/imt_sdk_win_64/winavr/bin/../lib/gcc/avr/4.3.3/avr5\libgcc.a(_divmodhi4.o) (__udivmodhi4)
d:/course embedded system/tools/imt sdk/imt_sdk_win_64/winavr/bin/../lib/gcc/avr/4.3.3/avr5\libgcc.a(_prologue.o)
                              d:/course embedded system/tools/imt sdk/imt_sdk_win_64/winavr/bin/../lib/gcc/avr/4.3.3/avr5\libgcc.a(_udivdi3.o) (__prologue_saves__)
d:/course embedded system/tools/imt sdk/imt_sdk_win_64/winavr/bin/../lib/gcc/avr/4.3.3/avr5\libgcc.a(_epilogue.o)
                              d:/course embedded system/tools/imt sdk/imt_sdk_win_64/winavr/bin/../lib/gcc/avr/4.3.3/avr5\libgcc.a(_udivdi3.o) (__epilogue_restores__)
d:/course embedded system/tools/imt sdk/imt_sdk_win_64/winavr/bin/../lib/gcc/avr/4.3.3/avr5\libgcc.a(_clz.o)
                              d:/course embedded system/tools/imt sdk/imt_sdk_win_64/winavr/bin/../lib/gcc/avr/4.3.3/avr5\libgcc.a(_udivdi3.o) (__clz_tab)
d:/course embedded system/tools/imt sdk/imt_sdk_win_64/winavr/bin/../lib/gcc/avr/4.3.3/avr5\libgcc.a(_clzsi2.o)
                              d:/course embedded system/tools/imt sdk/imt_sdk_win_64/winavr/bin/../lib/gcc/avr/4.3.3/avr5\libgcc.a(_si_to_sf.o) (__clzsi2)
d:/course embedded system/tools/imt sdk/imt_sdk_win_64/winavr/bin/../lib/gcc/avr/4.3.3/avr5\libgcc.a(_pack_sf.o)
                              d:/course embedded system/tools/imt sdk/imt_sdk_win_64/winavr/bin/../lib/gcc/avr/4.3.3/avr5\libgcc.a(_addsub_sf.o) (__pack_f)
d:/course embedded system/tools/imt sdk/imt_sdk_win_64/winavr/bin/../lib/gcc/avr/4.3.3/avr5\libgcc.a(_unpack_sf.o)
                              d:/course embedded system/tools/imt sdk/imt_sdk_win_64/winavr/bin/../lib/gcc/avr/4.3.3/avr5\libgcc.a(_addsub_sf.o) (__unpack_f)
d:/course embedded system/tools/imt sdk/imt_sdk_win_64/winavr/bin/../lib/gcc/avr/4.3.3/avr5\libgcc.a(_fpcmp_parts_sf.o)
                              d:/course embedded system/tools/imt sdk/imt_sdk_win_64/winavr/bin/../lib/gcc/avr/4.3.3/avr5\libgcc.a(_eq_sf.o) (__fpcmp_parts_f)
d:/course embedded system/tools/imt sdk/imt_sdk_win_64/winavr/bin/../lib/gcc/avr/4.3.3/../../../../avr/lib/avr5\libc.a(rand.o)
                              ./APP/Q_learning.o (rand)
d:/course embedded system/tools/imt sdk/imt_sdk_win_64/winavr/bin/../lib/gcc/avr/4.3.3/../../../../avr/lib/avr5\libc.a(sprintf.o)
                              ./HAL/SIM808/SIM808_prg.o (sprintf)
d:/course embedded system/tools/imt sdk/imt_sdk_win_64/winavr/bin/../lib/gcc/avr/4.3.3/../../../../avr/lib/avr5\libc.a(vfprintf_std.o)
                              d:/course embedded system/tools/imt sdk/imt_sdk_win_64/winavr/bin/../lib/gcc/avr/4.3.3/../../../../avr/lib/avr5\libc.a(sprintf.o) (vfprintf)
d:/course embedded system/tools/imt sdk/imt_sdk_win_64/winavr/bin/../lib/gcc/avr/4.3.3/../../../../avr/lib/avr5\libc.a(strnlen_P.o)
                              d:/course embedded system/tools/imt sdk/imt_sdk_win_64/winavr/bin/../lib/gcc/avr/4.3.3/../../../../avr/lib/avr5\libc.a(vfprintf_std.o) (strnlen_P)
d:/course embedded system/tools/imt sdk/imt_sdk_win_64/winavr/bin/../lib/gcc/avr/4.3.3/../../../../avr/lib/avr5\libc.a(strnlen.o)
                              d:/course embedded system/tools/imt sdk/imt_sdk_win_64/winavr/bin/../lib/gcc/avr/4.3.3/../../../../avr/lib/avr5\libc.a(vfprintf_std.o) (strnlen)
d:/course embedded system/tools/imt sdk/imt_sdk_win_64/winavr/bin/../lib/gcc/avr/4.3.3/../../../../avr/lib/avr5\libc.a(fputc.o)
                              d:/course embedded system/tools/imt sdk/imt_sdk_win_64/winavr/bin/../lib/gcc/avr/4.3.3/../../../../avr/lib/avr5\libc.a(vfprintf_std.o) (fputc)
d:/course embedded system/tools/imt sdk/imt_sdk_win_64/winavr/bin/../lib/gcc/avr/4.3.3/../../../../avr/lib/avr5\libc.a(ultoa_invert.o)
                              d:/course embedded system/tools/imt sdk/imt_sdk_win_64/winavr/bin/../lib/gcc/avr/4.3.3/../../../../avr/lib/avr5\libc.a(vfprintf_std.o) (__ultoa_invert)
d:/course embedded system/tools/imt sdk/imt_sdk_win_64/winavr/bin/../lib/gcc/avr/4.3.3/avr5\libgcc.a(_divmodsi4.o)
                              d:/course embedded system/tools/imt sdk/imt_sdk_win_64/winavr/bin/../lib/gcc/avr/4.3.3/../../../../avr/lib/avr5\libc.a(rand.o) (__divmodsi4)

Allocating common symbols
Common symbol       size              file

G_u8Latitude        0xa               ./HAL/SIM808/SIM808_prg.o
max_Q               0x4               ./APP/Q_learning.o
state               0x1               ./HAL/SIM808/SIM808_prg.o
new_Q               0x4               ./APP/Q_learning.o
Old_Q               0x4               ./APP/Q_learning.o
data                0x32              ./HAL/SIM808/SIM808_prg.o
longitude           0x4               ./HAL/SIM808/SIM808_prg.o
timegps             0x1               ./HAL/SIM808/SIM808_prg.o
latitude            0x4               ./HAL/SIM808/SIM808_prg.o
G_u8Longitude       0xa               ./HAL/SIM808/SIM808_prg.o
reward              0x4               ./APP/Q_learning.o

Memory Configuration

Name             Origin             Length             Attributes
text             0x00000000         0x00020000         xr
data             0x00800060         0x0000ffa0         rw !x
eeprom           0x00810000         0x00010000         rw !x
fuse             0x00820000         0x00000400         rw !x
lock             0x00830000         0x00000400         rw !x
signature        0x00840000         0x00000400         rw !x
*default*        0x00000000         0xffffffff

Linker script and memory map

LOAD d:/course embedded system/tools/imt sdk/imt_sdk_win_64/winavr/bin/../lib/gcc/avr/4.3.3/../../../../avr/lib/avr5/crtm32.o
LOAD ./MCAL/UART/UART_prg.o
LOAD ./MCAL/TIMER2/TIMER2_prg.o
LOAD ./MCAL/TIMER1/TIMER1_prg.o
LOAD ./MCAL/TIMER0/millis.o
LOAD ./MCAL/GIE/GIE_prg.o
LOAD ./MCAL/EXI/EXI_prg.o
LOAD ./MCAL/DIO/DIO_prg.o
LOAD ./MCAL/ADC/ADC_prg.o
LOAD ./HAL/ULTRASONIC/ULTRASONIC_prg.o
LOAD ./HAL/SIM808/SIM808_prg.o
LOAD ./HAL/SERVO/SERVO_prg.o
LOAD ./HAL/DC_MOTOR/DC_MOTOR_prg.o
LOAD ./APP/Main.o
LOAD ./APP/Q_learning.o
LOAD d:/course embedded system/tools/imt sdk/imt_sdk_win_64/winavr/bin/../lib/gcc/avr/4.3.3/avr5\libgcc.a
LOAD d:/course embedded system/tools/imt sdk/imt_sdk_win_64/winavr/bin/../lib/gcc/avr/4.3.3/../../../../avr/lib/avr5\libc.a
LOAD d:/course embedded system/tools/imt sdk/imt_sdk_win_64/winavr/bin/../lib/gcc/avr/4.3.3/avr5\libgcc.a

.hash
 *(.hash)

.dynsym
 *(.dynsym)

.dynstr
 *(.dynstr)

.gnu.version
 *(.gnu.version)

.gnu.version_d
 *(.gnu.version_d)

.gnu.version_r
 *(.gnu.version_r)

.rel.init
 *(.rel.init)

.rela.init
 *(.rela.init)

.rel.text
 *(.rel.text)
 *(.rel.text.*)
 *(.rel.gnu.linkonce.t*)

.rela.text
 *(.rela.text)
 *(.rela.text.*)
 *(.rela.gnu.linkonce.t*)

.rel.fini
 *(.rel.fini)

.rela.fini
 *(.rela.fini)

.rel.rodata
 *(.rel.rodata)
 *(.rel.rodata.*)
 *(.rel.gnu.linkonce.r*)

.rela.rodata
 *(.rela.rodata)
 *(.rela.rodata.*)
 *(.rela.gnu.linkonce.r*)

.rel.data
 *(.rel.data)
 *(.rel.data.*)
 *(.rel.gnu.linkonce.d*)

.rela.data
 *(.rela.data)
 *(.rela.data.*)
 *(.rela.gnu.linkonce.d*)

.rel.ctors
 *(.rel.ctors)

.rela.ctors
 *(.rela.ctors)

.rel.dtors
 *(.rel.dtors)

.rela.dtors
 *(.rela.dtors)

.rel.got
 *(.rel.got)

.rela.got
 *(.rela.got)

.rel.bss
 *(.rel.bss)

.rela.bss
 *(.rela.bss)

.rel.plt
 *(.rel.plt)

.rela.plt
 *(.rela.plt)

.text           0x00000000     0x5170
 *(.vectors)
 .vectors       0x00000000       0x54 d:/course embedded system/tools/imt sdk/imt_sdk_win_64/winavr/bin/../lib/gcc/avr/4.3.3/../../../../avr/lib/avr5/crtm32.o
                0x00000000                __vectors
                0x00000000                __vector_default
 *(.vectors)
 *(.progmem.gcc*)
 *(.progmem*)
                0x00000054                . = ALIGN (0x2)
                0x00000054                __trampolines_start = .
 *(.trampolines)
 .trampolines   0x00000054        0x0 linker stubs
 *(.trampolines*)
                0x00000054                __trampolines_end = .
 *(.jumptables)
 *(.jumptables*)
 *(.lowtext)
 *(.lowtext*)
                0x00000054                __ctors_start = .
 *(.ctors)
                0x00000054                __ctors_end = .
                0x00000054                __dtors_start = .
 *(.dtors)
                0x00000054                __dtors_end = .
 SORT(*)(.ctors)
 SORT(*)(.dtors)
 *(.init0)
 .init0         0x00000054        0x0 d:/course embedded system/tools/imt sdk/imt_sdk_win_64/winavr/bin/../lib/gcc/avr/4.3.3/../../../../avr/lib/avr5/crtm32.o
                0x00000054                __init
 *(.init0)
 *(.init1)
 *(.init1)
 *(.init2)
 .init2         0x00000054        0xc d:/course embedded system/tools/imt sdk/imt_sdk_win_64/winavr/bin/../lib/gcc/avr/4.3.3/../../../../avr/lib/avr5/crtm32.o
 *(.init2)
 *(.init3)
 *(.init3)
 *(.init4)
 .init4         0x00000060       0x16 d:/course embedded system/tools/imt sdk/imt_sdk_win_64/winavr/bin/../lib/gcc/avr/4.3.3/avr5\libgcc.a(_copy_data.o)
                0x00000060                __do_copy_data
 .init4         0x00000076       0x10 d:/course embedded system/tools/imt sdk/imt_sdk_win_64/winavr/bin/../lib/gcc/avr/4.3.3/avr5\libgcc.a(_clear_bss.o)
                0x00000076                __do_clear_bss
 *(.init4)
 *(.init5)
 *(.init5)
 *(.init6)
 *(.init6)
 *(.init7)
 *(.init7)
 *(.init8)
 *(.init8)
 *(.init9)
 .init9         0x00000086        0x8 d:/course embedded system/tools/imt sdk/imt_sdk_win_64/winavr/bin/../lib/gcc/avr/4.3.3/../../../../avr/lib/avr5/crtm32.o
 *(.init9)
 *(.text)
 .text          0x0000008e        0x4 d:/course embedded system/tools/imt sdk/imt_sdk_win_64/winavr/bin/../lib/gcc/avr/4.3.3/../../../../avr/lib/avr5/crtm32.o
                0x0000008e                __vector_12
                0x0000008e                __bad_interrupt
                0x0000008e                __vector_11
                0x0000008e                __vector_17
                0x0000008e                __vector_19
                0x0000008e                __vector_18
                0x0000008e                __vector_20
 .text          0x00000092        0x0 ./MCAL/UART/UART_prg.o
 .text          0x00000092        0x0 ./MCAL/TIMER2/TIMER2_prg.o
 .text          0x00000092        0x0 ./MCAL/TIMER1/TIMER1_prg.o
 .text          0x00000092        0x0 ./MCAL/TIMER0/millis.o
 .text          0x00000092        0x0 ./MCAL/GIE/GIE_prg.o
 .text          0x00000092        0x0 ./MCAL/EXI/EXI_prg.o
 .text          0x00000092        0x0 ./MCAL/DIO/DIO_prg.o
 .text          0x00000092        0x0 ./MCAL/ADC/ADC_prg.o
 .text          0x00000092        0x0 ./HAL/ULTRASONIC/ULTRASONIC_prg.o
 .text          0x00000092        0x0 ./HAL/SIM808/SIM808_prg.o
 .text          0x00000092        0x0 ./HAL/SERVO/SERVO_prg.o
 .text          0x00000092        0x0 ./HAL/DC_MOTOR/DC_MOTOR_prg.o
 .text          0x00000092        0x0 ./APP/Main.o
 .text          0x00000092        0x0 ./APP/Q_learning.o
 .text          0x00000092        0x0 d:/course embedded system/tools/imt sdk/imt_sdk_win_64/winavr/bin/../lib/gcc/avr/4.3.3/avr5\libgcc.a(_mulsi3.o)
 .text          0x00000092        0x0 d:/course embedded system/tools/imt sdk/imt_sdk_win_64/winavr/bin/../lib/gcc/avr/4.3.3/avr5\libgcc.a(_divmodhi4.o)
 .text          0x00000092        0x0 d:/course embedded system/tools/imt sdk/imt_sdk_win_64/winavr/bin/../lib/gcc/avr/4.3.3/avr5\libgcc.a(_udivmodsi4.o)
 .text          0x00000092        0x0 d:/course embedded system/tools/imt sdk/imt_sdk_win_64/winavr/bin/../lib/gcc/avr/4.3.3/avr5\libgcc.a(_exit.o)
 .text          0x00000092        0x0 d:/course embedded system/tools/imt sdk/imt_sdk_win_64/winavr/bin/../lib/gcc/avr/4.3.3/avr5\libgcc.a(_copy_data.o)
 .text          0x00000092        0x0 d:/course embedded system/tools/imt sdk/imt_sdk_win_64/winavr/bin/../lib/gcc/avr/4.3.3/avr5\libgcc.a(_clear_bss.o)
 .text          0x00000092       0xfe d:/course embedded system/tools/imt sdk/imt_sdk_win_64/winavr/bin/../lib/gcc/avr/4.3.3/avr5\libgcc.a(_ashldi3.o)
                0x00000092                __ashldi3
 .text          0x00000190       0x58 d:/course embedded system/tools/imt sdk/imt_sdk_win_64/winavr/bin/../lib/gcc/avr/4.3.3/avr5\libgcc.a(_fixunssfsi.o)
                0x00000190                __fixunssfsi
 .text          0x000001e8      0xcea d:/course embedded system/tools/imt sdk/imt_sdk_win_64/winavr/bin/../lib/gcc/avr/4.3.3/avr5\libgcc.a(_udivdi3.o)
                0x000001e8                __udivdi3
 .text          0x00000ed2      0xce0 d:/course embedded system/tools/imt sdk/imt_sdk_win_64/winavr/bin/../lib/gcc/avr/4.3.3/avr5\libgcc.a(_umoddi3.o)
                0x00000ed2                __umoddi3
 .text          0x00001bb2      0x354 d:/course embedded system/tools/imt sdk/imt_sdk_win_64/winavr/bin/../lib/gcc/avr/4.3.3/avr5\libgcc.a(_addsub_sf.o)
                0x00001e4a                __subsf3
                0x00001eac                __addsf3
 .text          0x00001f06      0x1f4 d:/course embedded system/tools/imt sdk/imt_sdk_win_64/winavr/bin/../lib/gcc/avr/4.3.3/avr5\libgcc.a(_mul_sf.o)
                0x00001f06                __mulsf3
 .text          0x000020fa      0x158 d:/course embedded system/tools/imt sdk/imt_sdk_win_64/winavr/bin/../lib/gcc/avr/4.3.3/avr5\libgcc.a(_div_sf.o)
                0x000020fa                __divsf3
 .text          0x00002252       0x60 d:/course embedded system/tools/imt sdk/imt_sdk_win_64/winavr/bin/../lib/gcc/avr/4.3.3/avr5\libgcc.a(_eq_sf.o)
                0x00002252                __eqsf2
 .text          0x000022b2       0x60 d:/course embedded system/tools/imt sdk/imt_sdk_win_64/winavr/bin/../lib/gcc/avr/4.3.3/avr5\libgcc.a(_ge_sf.o)
                0x000022b2                __gesf2
 .text          0x00002312       0x60 d:/course embedded system/tools/imt sdk/imt_sdk_win_64/winavr/bin/../lib/gcc/avr/4.3.3/avr5\libgcc.a(_le_sf.o)
                0x00002312                __lesf2
 .text          0x00002372       0xbc d:/course embedded system/tools/imt sdk/imt_sdk_win_64/winavr/bin/../lib/gcc/avr/4.3.3/avr5\libgcc.a(_si_to_sf.o)
                0x00002372                __floatsisf
 .text          0x0000242e       0xa8 d:/course embedded system/tools/imt sdk/imt_sdk_win_64/winavr/bin/../lib/gcc/avr/4.3.3/avr5\libgcc.a(_sf_to_si.o)
                0x0000242e                __fixsfsi
 .text          0x000024d6        0x0 d:/course embedded system/tools/imt sdk/imt_sdk_win_64/winavr/bin/../lib/gcc/avr/4.3.3/avr5\libgcc.a(_thenan_sf.o)
 .text          0x000024d6       0xf2 d:/course embedded system/tools/imt sdk/imt_sdk_win_64/winavr/bin/../lib/gcc/avr/4.3.3/avr5\libgcc.a(_usi_to_sf.o)
                0x000024d6                __floatunsisf
 .text          0x000025c8        0x0 d:/course embedded system/tools/imt sdk/imt_sdk_win_64/winavr/bin/../lib/gcc/avr/4.3.3/avr5\libgcc.a(_udivmodhi4.o)
 .text          0x000025c8        0x0 d:/course embedded system/tools/imt sdk/imt_sdk_win_64/winavr/bin/../lib/gcc/avr/4.3.3/avr5\libgcc.a(_prologue.o)
 .text          0x000025c8        0x0 d:/course embedded system/tools/imt sdk/imt_sdk_win_64/winavr/bin/../lib/gcc/avr/4.3.3/avr5\libgcc.a(_epilogue.o)
 .text          0x000025c8        0x0 d:/course embedded system/tools/imt sdk/imt_sdk_win_64/winavr/bin/../lib/gcc/avr/4.3.3/avr5\libgcc.a(_clz.o)
 .text          0x000025c8       0x9e d:/course embedded system/tools/imt sdk/imt_sdk_win_64/winavr/bin/../lib/gcc/avr/4.3.3/avr5\libgcc.a(_clzsi2.o)
                0x000025c8                __clzsi2
 .text          0x00002666      0x1aa d:/course embedded system/tools/imt sdk/imt_sdk_win_64/winavr/bin/../lib/gcc/avr/4.3.3/avr5\libgcc.a(_pack_sf.o)
                0x00002666                __pack_f
 .text          0x00002810       0xf0 d:/course embedded system/tools/imt sdk/imt_sdk_win_64/winavr/bin/../lib/gcc/avr/4.3.3/avr5\libgcc.a(_unpack_sf.o)
                0x00002810                __unpack_f
 .text          0x00002900       0xb2 d:/course embedded system/tools/imt sdk/imt_sdk_win_64/winavr/bin/../lib/gcc/avr/4.3.3/avr5\libgcc.a(_fpcmp_parts_sf.o)
                0x00002900                __fpcmp_parts_f
 .text          0x000029b2        0x0 d:/course embedded system/tools/imt sdk/imt_sdk_win_64/winavr/bin/../lib/gcc/avr/4.3.3/../../../../avr/lib/avr5\libc.a(rand.o)
 .text          0x000029b2        0x0 d:/course embedded system/tools/imt sdk/imt_sdk_win_64/winavr/bin/../lib/gcc/avr/4.3.3/../../../../avr/lib/avr5\libc.a(sprintf.o)
 .text          0x000029b2        0x0 d:/course embedded system/tools/imt sdk/imt_sdk_win_64/winavr/bin/../lib/gcc/avr/4.3.3/../../../../avr/lib/avr5\libc.a(vfprintf_std.o)
 .text          0x000029b2        0x0 d:/course embedded system/tools/imt sdk/imt_sdk_win_64/winavr/bin/../lib/gcc/avr/4.3.3/../../../../avr/lib/avr5\libc.a(strnlen_P.o)
 .text          0x000029b2        0x0 d:/course embedded system/tools/imt sdk/imt_sdk_win_64/winavr/bin/../lib/gcc/avr/4.3.3/../../../../avr/lib/avr5\libc.a(strnlen.o)
 .text          0x000029b2        0x0 d:/course embedded system/tools/imt sdk/imt_sdk_win_64/winavr/bin/../lib/gcc/avr/4.3.3/../../../../avr/lib/avr5\libc.a(fputc.o)
 .text          0x000029b2        0x0 d:/course embedded system/tools/imt sdk/imt_sdk_win_64/winavr/bin/../lib/gcc/avr/4.3.3/../../../../avr/lib/avr5\libc.a(ultoa_invert.o)
 .text          0x000029b2        0x0 d:/course embedded system/tools/imt sdk/imt_sdk_win_64/winavr/bin/../lib/gcc/avr/4.3.3/avr5\libgcc.a(_divmodsi4.o)
                0x000029b2                . = ALIGN (0x2)
 *(.text.*)
 .text.UART_vSendData
                0x000029b2        0x8 ./MCAL/UART/UART_prg.o
                0x000029b2                UART_vSendData
 .text.UART_u8GetData
                0x000029ba        0x8 ./MCAL/UART/UART_prg.o
                0x000029ba                UART_u8GetData
 .text.UART_vSend_String
                0x000029c2       0x1a ./MCAL/UART/UART_prg.o
                0x000029c2                UART_vSend_String
 .text.UART_vGet_String
                0x000029dc       0x24 ./MCAL/UART/UART_prg.o
                0x000029dc                UART_vGet_String
 .text.Usart_SendNumber
                0x00002a00      0x2ca ./MCAL/UART/UART_prg.o
                0x00002a00                Usart_SendNumber
 .text.UART_vCallBack_RXC
                0x00002cca        0xa ./MCAL/UART/UART_prg.o
                0x00002cca                UART_vCallBack_RXC
 .text.UART_vCallBack_TXC
                0x00002cd4        0xa ./MCAL/UART/UART_prg.o
                0x00002cd4                UART_vCallBack_TXC
 .text.UART_vCallBack_UDRE
                0x00002cde        0xa ./MCAL/UART/UART_prg.o
                0x00002cde                UART_vCallBack_UDRE
 .text.__vector_13
                0x00002ce8       0x4e ./MCAL/UART/UART_prg.o
                0x00002ce8                __vector_13
 .text.__vector_14
                0x00002d36       0x4e ./MCAL/UART/UART_prg.o
                0x00002d36                __vector_14
 .text.__vector_15
                0x00002d84       0x4e ./MCAL/UART/UART_prg.o
                0x00002d84                __vector_15
 .text.Usart_Print
                0x00002dd2      0x14a ./MCAL/UART/UART_prg.o
                0x00002dd2                Usart_Print
 .text.UART_vInit
                0x00002f1c       0x28 ./MCAL/UART/UART_prg.o
                0x00002f1c                UART_vInit
 .text.TIMER2_vTurnOn
                0x00002f44        0xe ./MCAL/TIMER2/TIMER2_prg.o
                0x00002f44                TIMER2_vTurnOn
 .text.TIMER2_vTurnOff
                0x00002f52        0x8 ./MCAL/TIMER2/TIMER2_prg.o
                0x00002f52                TIMER2_vTurnOff
 .text.TIMER2_vSetPreload
                0x00002f5a        0x4 ./MCAL/TIMER2/TIMER2_prg.o
                0x00002f5a                TIMER2_vSetPreload
 .text.TIMER2_vSetOcrVal
                0x00002f5e        0x4 ./MCAL/TIMER2/TIMER2_prg.o
                0x00002f5e                TIMER2_vSetOcrVal
 .text.TIMER2_vDelay
                0x00002f62       0x10 ./MCAL/TIMER2/TIMER2_prg.o
                0x00002f62                TIMER2_vDelay
 .text.TIMER2_vCallBack_OVF
                0x00002f72        0xa ./MCAL/TIMER2/TIMER2_prg.o
                0x00002f72                TIMER2_vCallBack_OVF
 .text.TIMER2_vCallBack_CTC
                0x00002f7c        0xa ./MCAL/TIMER2/TIMER2_prg.o
                0x00002f7c                TIMER2_vCallBack_CTC
 .text.TIMER2_u8DutyCycle
                0x00002f86       0x24 ./MCAL/TIMER2/TIMER2_prg.o
                0x00002f86                TIMER2_u8DutyCycle
 .text.TIMER2_u32FrequencyOfOC2Pin
                0x00002faa        0xa ./MCAL/TIMER2/TIMER2_prg.o
                0x00002faa                TIMER2_u32FrequencyOfOC2Pin
 .text.TIMER2_u8TCNT2_VAL
                0x00002fb4        0x4 ./MCAL/TIMER2/TIMER2_prg.o
                0x00002fb4                TIMER2_u8TCNT2_VAL
 .text.__vector_4
                0x00002fb8       0x52 ./MCAL/TIMER2/TIMER2_prg.o
                0x00002fb8                __vector_4
 .text.__vector_5
                0x0000300a       0x4e ./MCAL/TIMER2/TIMER2_prg.o
                0x0000300a                __vector_5
 .text.TIMER2_vInit
                0x00003058       0x2a ./MCAL/TIMER2/TIMER2_prg.o
                0x00003058                TIMER2_vInit
 .text.TIMER1_vSetPreload
                0x00003082        0x2 ./MCAL/TIMER1/TIMER1_prg.o
                0x00003082                TIMER1_vSetPreload
 .text.TIMER1_vSetOcrA1Val
                0x00003084        0x6 ./MCAL/TIMER1/TIMER1_prg.o
                0x00003084                TIMER1_vSetOcrA1Val
 .text.TIMER1_vSetOcrB1Val
                0x0000308a        0x6 ./MCAL/TIMER1/TIMER1_prg.o
                0x0000308a                TIMER1_vSetOcrB1Val
 .text.TIMER1_vSetICR1
                0x00003090        0x6 ./MCAL/TIMER1/TIMER1_prg.o
                0x00003090                TIMER1_vSetICR1
 .text.TIMER1_vCallBack_OVF
                0x00003096        0xa ./MCAL/TIMER1/TIMER1_prg.o
                0x00003096                TIMER1_vCallBack_OVF
 .text.TIMER1_vCallBack_CTCA
                0x000030a0        0xa ./MCAL/TIMER1/TIMER1_prg.o
                0x000030a0                TIMER1_vCallBack_CTCA
 .text.TIMER1_vCallBack_CTCB
                0x000030aa        0xa ./MCAL/TIMER1/TIMER1_prg.o
                0x000030aa                TIMER1_vCallBack_CTCB
 .text.TIMER1_vCallBack_CE
                0x000030b4        0xa ./MCAL/TIMER1/TIMER1_prg.o
                0x000030b4                TIMER1_vCallBack_CE
 .text.TIMER1_vTurnOn
                0x000030be        0xa ./MCAL/TIMER1/TIMER1_prg.o
                0x000030be                TIMER1_vTurnOn
 .text.TIMER1_vTurnOff
                0x000030c8        0x8 ./MCAL/TIMER1/TIMER1_prg.o
                0x000030c8                TIMER1_vTurnOff
 .text.TIMER1_vDelay
                0x000030d0        0x2 ./MCAL/TIMER1/TIMER1_prg.o
                0x000030d0                TIMER1_vDelay
 .text.TIMER1_u8DutyCycleOc1A
                0x000030d2        0x4 ./MCAL/TIMER1/TIMER1_prg.o
                0x000030d2                TIMER1_u8DutyCycleOc1A
 .text.TIMER1_u8DutyCycleOc1B
                0x000030d6        0x4 ./MCAL/TIMER1/TIMER1_prg.o
                0x000030d6                TIMER1_u8DutyCycleOc1B
 .text.TIMER1_u32FrequencyOfOC1APin
                0x000030da        0xa ./MCAL/TIMER1/TIMER1_prg.o
                0x000030da                TIMER1_u32FrequencyOfOC1APin
 .text.TIMER1_u32FrequencyOfOC1BPin
                0x000030e4        0xa ./MCAL/TIMER1/TIMER1_prg.o
                0x000030e4                TIMER1_u32FrequencyOfOC1BPin
 .text.TIMER1_u16ReadICR1
                0x000030ee        0x8 ./MCAL/TIMER1/TIMER1_prg.o
                0x000030ee                TIMER1_u16ReadICR1
 .text.TIMER1_vSetTrigger
                0x000030f6       0x1a ./MCAL/TIMER1/TIMER1_prg.o
                0x000030f6                TIMER1_vSetTrigger
 .text.TIMER1_vDisableIcuInt
                0x00003110        0x8 ./MCAL/TIMER1/TIMER1_prg.o
                0x00003110                TIMER1_vDisableIcuInt
 .text.__vector_6
                0x00003118       0x4e ./MCAL/TIMER1/TIMER1_prg.o
                0x00003118                __vector_6
 .text.__vector_7
                0x00003166       0x4e ./MCAL/TIMER1/TIMER1_prg.o
                0x00003166                __vector_7
 .text.__vector_8
                0x000031b4       0x4e ./MCAL/TIMER1/TIMER1_prg.o
                0x000031b4                __vector_8
 .text.__vector_9
                0x00003202       0x4e ./MCAL/TIMER1/TIMER1_prg.o
                0x00003202                __vector_9
 .text.TIMER1_vInit
                0x00003250       0x32 ./MCAL/TIMER1/TIMER1_prg.o
                0x00003250                TIMER1_vInit
 .text.millis_init
                0x00003282       0x12 ./MCAL/TIMER0/millis.o
                0x00003282                millis_init
 .text.millis_get
                0x00003294       0x18 ./MCAL/TIMER0/millis.o
                0x00003294                millis_get
 .text.micros_get
                0x000032ac       0x82 ./MCAL/TIMER0/millis.o
                0x000032ac                micros_get
 .text.millis_resume
                0x0000332e        0x8 ./MCAL/TIMER0/millis.o
                0x0000332e                millis_resume
 .text.millis_pause
                0x00003336        0x8 ./MCAL/TIMER0/millis.o
                0x00003336                millis_pause
 .text.millis_reset
                0x0000333e       0x18 ./MCAL/TIMER0/millis.o
                0x0000333e                millis_reset
 .text.millis_add
                0x00003356       0x30 ./MCAL/TIMER0/millis.o
                0x00003356                millis_add
 .text.millis_subtract
                0x00003386       0x30 ./MCAL/TIMER0/millis.o
                0x00003386                millis_subtract
 .text.__vector_10
                0x000033b6       0x4a ./MCAL/TIMER0/millis.o
                0x000033b6                __vector_10
 .text.GIE_vEnableGlobalInterrupt
                0x00003400        0x8 ./MCAL/GIE/GIE_prg.o
                0x00003400                GIE_vEnableGlobalInterrupt
 .text.GIE_vDisableGlobalInterrupt
                0x00003408        0x8 ./MCAL/GIE/GIE_prg.o
                0x00003408                GIE_vDisableGlobalInterrupt
 .text.__vector_1
                0x00003410       0x4e ./MCAL/EXI/EXI_prg.o
                0x00003410                __vector_1
 .text.__vector_2
                0x0000345e       0x4e ./MCAL/EXI/EXI_prg.o
                0x0000345e                __vector_2
 .text.__vector_3
                0x000034ac       0x4e ./MCAL/EXI/EXI_prg.o
                0x000034ac                __vector_3
 .text.Reg_func0
                0x000034fa        0xa ./MCAL/EXI/EXI_prg.o
                0x000034fa                Reg_func0
 .text.Reg_func1
                0x00003504        0xa ./MCAL/EXI/EXI_prg.o
                0x00003504                Reg_func1
 .text.Reg_func2
                0x0000350e        0xa ./MCAL/EXI/EXI_prg.o
                0x0000350e                Reg_func2
 .text.EXI_vInitInt2
                0x00003518       0x22 ./MCAL/EXI/EXI_prg.o
                0x00003518                EXI_vInitInt2
 .text.EXI_vInitInt1
                0x0000353a       0x24 ./MCAL/EXI/EXI_prg.o
                0x0000353a                EXI_vInitInt1
 .text.EXI_vInitInt0
                0x0000355e       0x24 ./MCAL/EXI/EXI_prg.o
                0x0000355e                EXI_vInitInt0
 .text.DIO_vPinDir
                0x00003582       0xbc ./MCAL/DIO/DIO_prg.o
                0x00003582                DIO_vPinDir
 .text.DIO_vSetPinVal
                0x0000363e       0xbc ./MCAL/DIO/DIO_prg.o
                0x0000363e                DIO_vSetPinVal
 .text.DIO_u8GetPinVal
                0x000036fa       0x3e ./MCAL/DIO/DIO_prg.o
                0x000036fa                DIO_u8GetPinVal
 .text.DIO_vPortDir
                0x00003738       0x22 ./MCAL/DIO/DIO_prg.o
                0x00003738                DIO_vPortDir
 .text.DIO_vSetPortVal
                0x0000375a       0x22 ./MCAL/DIO/DIO_prg.o
                0x0000375a                DIO_vSetPortVal
 .text.DIO_vToggelPinVal
                0x0000377c       0x6a ./MCAL/DIO/DIO_prg.o
                0x0000377c                DIO_vToggelPinVal
 .text.ADC_vInt
                0x000037e6       0x14 ./MCAL/ADC/ADC_prg.o
                0x000037e6                ADC_vInt
 .text.ADC_u16GetDigValSync
                0x000037fa       0x16 ./MCAL/ADC/ADC_prg.o
                0x000037fa                ADC_u16GetDigValSync
 .text.ADC_u16GetDigValAsync
                0x00003810       0x1a ./MCAL/ADC/ADC_prg.o
                0x00003810                ADC_u16GetDigValAsync
 .text.__vector_16
                0x0000382a       0x58 ./MCAL/ADC/ADC_prg.o
                0x0000382a                __vector_16
 .text.ReadUS   0x00003882      0x294 ./HAL/ULTRASONIC/ULTRASONIC_prg.o
                0x00003882                ReadUS
 .text.Ultrasonic_vInit
                0x00003b16       0x20 ./HAL/ULTRASONIC/ULTRASONIC_prg.o
                0x00003b16                Ultrasonic_vInit
 .text.Get_loaction
                0x00003b36      0x172 ./HAL/SIM808/SIM808_prg.o
                0x00003b36                Get_loaction
 .text.SIM808_vSendLocation
                0x00003ca8      0x136 ./HAL/SIM808/SIM808_prg.o
                0x00003ca8                SIM808_vSendLocation
 .text.SIM808_vInit
                0x00003dde       0x3a ./HAL/SIM808/SIM808_prg.o
                0x00003dde                SIM808_vInit
 .text.SERVO1_vAngle
                0x00003e18       0x2a ./HAL/SERVO/SERVO_prg.o
                0x00003e18                SERVO1_vAngle
 .text.SERVO0_vAngle
                0x00003e42       0x2a ./HAL/SERVO/SERVO_prg.o
                0x00003e42                SERVO0_vAngle
 .text.SERVO_vRotate180_Back
                0x00003e6c       0x44 ./HAL/SERVO/SERVO_prg.o
                0x00003e6c                SERVO_vRotate180_Back
 .text.SERVO_vInit
                0x00003eb0        0x6 ./HAL/SERVO/SERVO_prg.o
                0x00003eb0                SERVO_vInit
 .text.DC_MOTOR_Control
                0x00003eb6        0x6 ./HAL/DC_MOTOR/DC_MOTOR_prg.o
                0x00003eb6                DC_MOTOR_Control
 .text.stop     0x00003ebc       0x2a ./HAL/DC_MOTOR/DC_MOTOR_prg.o
                0x00003ebc                stop
 .text.left     0x00003ee6       0x2a ./HAL/DC_MOTOR/DC_MOTOR_prg.o
                0x00003ee6                left
 .text.right    0x00003f10       0x2a ./HAL/DC_MOTOR/DC_MOTOR_prg.o
                0x00003f10                right
 .text.Rotate   0x00003f3a       0x2a ./HAL/DC_MOTOR/DC_MOTOR_prg.o
                0x00003f3a                Rotate
 .text.forward  0x00003f64       0x2a ./HAL/DC_MOTOR/DC_MOTOR_prg.o
                0x00003f64                forward
 .text.DC_MOTOR_vInt
                0x00003f8e       0x2a ./HAL/DC_MOTOR/DC_MOTOR_prg.o
                0x00003f8e                DC_MOTOR_vInt
 .text.Send_vLocation
                0x00003fb8        0x6 ./APP/Main.o
                0x00003fb8                Send_vLocation
 .text.main     0x00003fbe       0x26 ./APP/Main.o
                0x00003fbe                main
 .text.decay    0x00003fe4        0xe ./APP/Q_learning.o
                0x00003fe4                decay
 .text.Q_max    0x00003ff2       0x42 ./APP/Q_learning.o
                0x00003ff2                Q_max
 .text.getMax   0x00004034      0x128 ./APP/Q_learning.o
                0x00004034                getMax
 .text.update2  0x0000415c      0x18c ./APP/Q_learning.o
                0x0000415c                update2
 .text.Q_random
                0x000042e8       0x2a ./APP/Q_learning.o
                0x000042e8                Q_random
 .text.train2   0x00004312      0x280 ./APP/Q_learning.o
                0x00004312                train2
 .text.getState
                0x00004592      0x10c ./APP/Q_learning.o
                0x00004592                getState
 .text.test2    0x0000469e       0xcc ./APP/Q_learning.o
                0x0000469e                test2
 .text.train3   0x0000476a      0x28a ./APP/Q_learning.o
                0x0000476a                train3
 .text.libgcc   0x000049f4       0x3e d:/course embedded system/tools/imt sdk/imt_sdk_win_64/winavr/bin/../lib/gcc/avr/4.3.3/avr5\libgcc.a(_mulsi3.o)
                0x000049f4                __mulsi3
 .text.libgcc   0x00004a32       0x26 d:/course embedded system/tools/imt sdk/imt_sdk_win_64/winavr/bin/../lib/gcc/avr/4.3.3/avr5\libgcc.a(_divmodhi4.o)
                0x00004a32                __divmodhi4
                0x00004a32                _div
 .text.libgcc   0x00004a58       0x44 d:/course embedded system/tools/imt sdk/imt_sdk_win_64/winavr/bin/../lib/gcc/avr/4.3.3/avr5\libgcc.a(_udivmodsi4.o)
                0x00004a58                __udivmodsi4
 .text.libgcc   0x00004a9c        0x0 d:/course embedded system/tools/imt sdk/imt_sdk_win_64/winavr/bin/../lib/gcc/avr/4.3.3/avr5\libgcc.a(_exit.o)
 .text.libgcc   0x00004a9c        0x0 d:/course embedded system/tools/imt sdk/imt_sdk_win_64/winavr/bin/../lib/gcc/avr/4.3.3/avr5\libgcc.a(_copy_data.o)
 .text.libgcc   0x00004a9c        0x0 d:/course embedded system/tools/imt sdk/imt_sdk_win_64/winavr/bin/../lib/gcc/avr/4.3.3/avr5\libgcc.a(_clear_bss.o)
 .text.libgcc   0x00004a9c       0x28 d:/course embedded system/tools/imt sdk/imt_sdk_win_64/winavr/bin/../lib/gcc/avr/4.3.3/avr5\libgcc.a(_udivmodhi4.o)
                0x00004a9c                __udivmodhi4
 .text.libgcc   0x00004ac4       0x38 d:/course embedded system/tools/imt sdk/imt_sdk_win_64/winavr/bin/../lib/gcc/avr/4.3.3/avr5\libgcc.a(_prologue.o)
                0x00004ac4                __prologue_saves__
 .text.libgcc   0x00004afc       0x36 d:/course embedded system/tools/imt sdk/imt_sdk_win_64/winavr/bin/../lib/gcc/avr/4.3.3/avr5\libgcc.a(_epilogue.o)
                0x00004afc                __epilogue_restores__
 .text.avr-libc
                0x00004b32       0xc2 d:/course embedded system/tools/imt sdk/imt_sdk_win_64/winavr/bin/../lib/gcc/avr/4.3.3/../../../../avr/lib/avr5\libc.a(rand.o)
                0x00004bce                rand_r
                0x00004bd4                rand
                0x00004bde                srand
 .text.avr-libc
                0x00004bf4       0x48 d:/course embedded system/tools/imt sdk/imt_sdk_win_64/winavr/bin/../lib/gcc/avr/4.3.3/../../../../avr/lib/avr5\libc.a(sprintf.o)
                0x00004bf4                sprintf
 .text.avr-libc
                0x00004c3c      0x3ba d:/course embedded system/tools/imt sdk/imt_sdk_win_64/winavr/bin/../lib/gcc/avr/4.3.3/../../../../avr/lib/avr5\libc.a(vfprintf_std.o)
                0x00004c3c                vfprintf
 .text.avr-libc
                0x00004ff6       0x16 d:/course embedded system/tools/imt sdk/imt_sdk_win_64/winavr/bin/../lib/gcc/avr/4.3.3/../../../../avr/lib/avr5\libc.a(strnlen_P.o)
                0x00004ff6                strnlen_P
 .text.avr-libc
                0x0000500c       0x16 d:/course embedded system/tools/imt sdk/imt_sdk_win_64/winavr/bin/../lib/gcc/avr/4.3.3/../../../../avr/lib/avr5\libc.a(strnlen.o)
                0x0000500c                strnlen
 .text.avr-libc
                0x00005022       0x58 d:/course embedded system/tools/imt sdk/imt_sdk_win_64/winavr/bin/../lib/gcc/avr/4.3.3/../../../../avr/lib/avr5\libc.a(fputc.o)
                0x00005022                fputc
 .text.avr-libc
                0x0000507a       0xbc d:/course embedded system/tools/imt sdk/imt_sdk_win_64/winavr/bin/../lib/gcc/avr/4.3.3/../../../../avr/lib/avr5\libc.a(ultoa_invert.o)
                0x0000507a                __ultoa_invert
 .text.libgcc   0x00005136       0x36 d:/course embedded system/tools/imt sdk/imt_sdk_win_64/winavr/bin/../lib/gcc/avr/4.3.3/avr5\libgcc.a(_divmodsi4.o)
                0x00005136                __divmodsi4
                0x0000516c                . = ALIGN (0x2)
 *(.fini9)
 .fini9         0x0000516c        0x0 d:/course embedded system/tools/imt sdk/imt_sdk_win_64/winavr/bin/../lib/gcc/avr/4.3.3/avr5\libgcc.a(_exit.o)
                0x0000516c                exit
                0x0000516c                _exit
 *(.fini9)
 *(.fini8)
 *(.fini8)
 *(.fini7)
 *(.fini7)
 *(.fini6)
 *(.fini6)
 *(.fini5)
 *(.fini5)
 *(.fini4)
 *(.fini4)
 *(.fini3)
 *(.fini3)
 *(.fini2)
 *(.fini2)
 *(.fini1)
 *(.fini1)
 *(.fini0)
 .fini0         0x0000516c        0x4 d:/course embedded system/tools/imt sdk/imt_sdk_win_64/winavr/bin/../lib/gcc/avr/4.3.3/avr5\libgcc.a(_exit.o)
 *(.fini0)
                0x00005170                _etext = .

.data           0x00800060      0x246 load address 0x00005170
                0x00800060                PROVIDE (__data_start, .)
 *(.data)
 .data          0x00800060        0x0 d:/course embedded system/tools/imt sdk/imt_sdk_win_64/winavr/bin/../lib/gcc/avr/4.3.3/../../../../avr/lib/avr5/crtm32.o
 .data          0x00800060        0x0 ./MCAL/UART/UART_prg.o
 .data          0x00800060        0x0 ./MCAL/TIMER2/TIMER2_prg.o
 .data          0x00800060        0x0 ./MCAL/TIMER1/TIMER1_prg.o
 .data          0x00800060        0x0 ./MCAL/TIMER0/millis.o
 .data          0x00800060        0x0 ./MCAL/GIE/GIE_prg.o
 .data          0x00800060        0x0 ./MCAL/EXI/EXI_prg.o
 .data          0x00800060        0x0 ./MCAL/DIO/DIO_prg.o
 .data          0x00800060        0x0 ./MCAL/ADC/ADC_prg.o
 .data          0x00800060        0x0 ./HAL/ULTRASONIC/ULTRASONIC_prg.o
 .data          0x00800060       0x73 ./HAL/SIM808/SIM808_prg.o
 .data          0x008000d3        0x0 ./HAL/SERVO/SERVO_prg.o
 .data          0x008000d3        0x0 ./HAL/DC_MOTOR/DC_MOTOR_prg.o
 .data          0x008000d3        0x0 ./APP/Main.o
 .data          0x008000d3        0x0 ./APP/Q_learning.o
 .data          0x008000d3        0x0 d:/course embedded system/tools/imt sdk/imt_sdk_win_64/winavr/bin/../lib/gcc/avr/4.3.3/avr5\libgcc.a(_mulsi3.o)
 .data          0x008000d3        0x0 d:/course embedded system/tools/imt sdk/imt_sdk_win_64/winavr/bin/../lib/gcc/avr/4.3.3/avr5\libgcc.a(_divmodhi4.o)
 .data          0x008000d3        0x0 d:/course embedded system/tools/imt sdk/imt_sdk_win_64/winavr/bin/../lib/gcc/avr/4.3.3/avr5\libgcc.a(_udivmodsi4.o)
 .data          0x008000d3        0x0 d:/course embedded system/tools/imt sdk/imt_sdk_win_64/winavr/bin/../lib/gcc/avr/4.3.3/avr5\libgcc.a(_exit.o)
 .data          0x008000d3        0x0 d:/course embedded system/tools/imt sdk/imt_sdk_win_64/winavr/bin/../lib/gcc/avr/4.3.3/avr5\libgcc.a(_copy_data.o)
 .data          0x008000d3        0x0 d:/course embedded system/tools/imt sdk/imt_sdk_win_64/winavr/bin/../lib/gcc/avr/4.3.3/avr5\libgcc.a(_clear_bss.o)
 .data          0x008000d3        0x0 d:/course embedded system/tools/imt sdk/imt_sdk_win_64/winavr/bin/../lib/gcc/avr/4.3.3/avr5\libgcc.a(_ashldi3.o)
 .data          0x008000d3        0x0 d:/course embedded system/tools/imt sdk/imt_sdk_win_64/winavr/bin/../lib/gcc/avr/4.3.3/avr5\libgcc.a(_fixunssfsi.o)
 .data          0x008000d3        0x0 d:/course embedded system/tools/imt sdk/imt_sdk_win_64/winavr/bin/../lib/gcc/avr/4.3.3/avr5\libgcc.a(_udivdi3.o)
 .data          0x008000d3        0x0 d:/course embedded system/tools/imt sdk/imt_sdk_win_64/winavr/bin/../lib/gcc/avr/4.3.3/avr5\libgcc.a(_umoddi3.o)
 .data          0x008000d3        0x0 d:/course embedded system/tools/imt sdk/imt_sdk_win_64/winavr/bin/../lib/gcc/avr/4.3.3/avr5\libgcc.a(_addsub_sf.o)
 .data          0x008000d3        0x0 d:/course embedded system/tools/imt sdk/imt_sdk_win_64/winavr/bin/../lib/gcc/avr/4.3.3/avr5\libgcc.a(_mul_sf.o)
 .data          0x008000d3        0x0 d:/course embedded system/tools/imt sdk/imt_sdk_win_64/winavr/bin/../lib/gcc/avr/4.3.3/avr5\libgcc.a(_div_sf.o)
 .data          0x008000d3        0x0 d:/course embedded system/tools/imt sdk/imt_sdk_win_64/winavr/bin/../lib/gcc/avr/4.3.3/avr5\libgcc.a(_eq_sf.o)
 .data          0x008000d3        0x0 d:/course embedded system/tools/imt sdk/imt_sdk_win_64/winavr/bin/../lib/gcc/avr/4.3.3/avr5\libgcc.a(_ge_sf.o)
 .data          0x008000d3        0x0 d:/course embedded system/tools/imt sdk/imt_sdk_win_64/winavr/bin/../lib/gcc/avr/4.3.3/avr5\libgcc.a(_le_sf.o)
 .data          0x008000d3        0x0 d:/course embedded system/tools/imt sdk/imt_sdk_win_64/winavr/bin/../lib/gcc/avr/4.3.3/avr5\libgcc.a(_si_to_sf.o)
 .data          0x008000d3        0x0 d:/course embedded system/tools/imt sdk/imt_sdk_win_64/winavr/bin/../lib/gcc/avr/4.3.3/avr5\libgcc.a(_sf_to_si.o)
 .data          0x008000d3        0x8 d:/course embedded system/tools/imt sdk/imt_sdk_win_64/winavr/bin/../lib/gcc/avr/4.3.3/avr5\libgcc.a(_thenan_sf.o)
                0x008000d3                __thenan_sf
 .data          0x008000db        0x0 d:/course embedded system/tools/imt sdk/imt_sdk_win_64/winavr/bin/../lib/gcc/avr/4.3.3/avr5\libgcc.a(_usi_to_sf.o)
 .data          0x008000db        0x0 d:/course embedded system/tools/imt sdk/imt_sdk_win_64/winavr/bin/../lib/gcc/avr/4.3.3/avr5\libgcc.a(_udivmodhi4.o)
 .data          0x008000db        0x0 d:/course embedded system/tools/imt sdk/imt_sdk_win_64/winavr/bin/../lib/gcc/avr/4.3.3/avr5\libgcc.a(_prologue.o)
 .data          0x008000db        0x0 d:/course embedded system/tools/imt sdk/imt_sdk_win_64/winavr/bin/../lib/gcc/avr/4.3.3/avr5\libgcc.a(_epilogue.o)
 .data          0x008000db      0x100 d:/course embedded system/tools/imt sdk/imt_sdk_win_64/winavr/bin/../lib/gcc/avr/4.3.3/avr5\libgcc.a(_clz.o)
                0x008000db                __clz_tab
 .data          0x008001db        0x0 d:/course embedded system/tools/imt sdk/imt_sdk_win_64/winavr/bin/../lib/gcc/avr/4.3.3/avr5\libgcc.a(_clzsi2.o)
 .data          0x008001db        0x0 d:/course embedded system/tools/imt sdk/imt_sdk_win_64/winavr/bin/../lib/gcc/avr/4.3.3/avr5\libgcc.a(_pack_sf.o)
 .data          0x008001db        0x0 d:/course embedded system/tools/imt sdk/imt_sdk_win_64/winavr/bin/../lib/gcc/avr/4.3.3/avr5\libgcc.a(_unpack_sf.o)
 .data          0x008001db        0x0 d:/course embedded system/tools/imt sdk/imt_sdk_win_64/winavr/bin/../lib/gcc/avr/4.3.3/avr5\libgcc.a(_fpcmp_parts_sf.o)
 .data          0x008001db        0x4 d:/course embedded system/tools/imt sdk/imt_sdk_win_64/winavr/bin/../lib/gcc/avr/4.3.3/../../../../avr/lib/avr5\libc.a(rand.o)
 .data          0x008001df        0x0 d:/course embedded system/tools/imt sdk/imt_sdk_win_64/winavr/bin/../lib/gcc/avr/4.3.3/../../../../avr/lib/avr5\libc.a(sprintf.o)
 .data          0x008001df        0x0 d:/course embedded system/tools/imt sdk/imt_sdk_win_64/winavr/bin/../lib/gcc/avr/4.3.3/../../../../avr/lib/avr5\libc.a(vfprintf_std.o)
 .data          0x008001df        0x0 d:/course embedded system/tools/imt sdk/imt_sdk_win_64/winavr/bin/../lib/gcc/avr/4.3.3/../../../../avr/lib/avr5\libc.a(strnlen_P.o)
 .data          0x008001df        0x0 d:/course embedded system/tools/imt sdk/imt_sdk_win_64/winavr/bin/../lib/gcc/avr/4.3.3/../../../../avr/lib/avr5\libc.a(strnlen.o)
 .data          0x008001df        0x0 d:/course embedded system/tools/imt sdk/imt_sdk_win_64/winavr/bin/../lib/gcc/avr/4.3.3/../../../../avr/lib/avr5\libc.a(fputc.o)
 .data          0x008001df        0x0 d:/course embedded system/tools/imt sdk/imt_sdk_win_64/winavr/bin/../lib/gcc/avr/4.3.3/../../../../avr/lib/avr5\libc.a(ultoa_invert.o)
 .data          0x008001df        0x0 d:/course embedded system/tools/imt sdk/imt_sdk_win_64/winavr/bin/../lib/gcc/avr/4.3.3/avr5\libgcc.a(_divmodsi4.o)
 *(.data*)
 .data.phone    0x008001df        0xc ./HAL/SIM808/SIM808_prg.o
                0x008001df                phone
 .data.response
                0x008001eb       0x32 ./HAL/SIM808/SIM808_prg.o
                0x008001eb                response
 .data.episodes
                0x0080021d        0x4 ./APP/Q_learning.o
                0x0080021d                episodes
 .data.epsilon  0x00800221        0x4 ./APP/Q_learning.o
                0x00800221                epsilon
 .data.rewards2
                0x00800225       0x80 ./APP/Q_learning.o
                0x00800225                rewards2
 *(.rodata)
 *(.rodata*)
 *(.gnu.linkonce.d*)
                0x008002a6                . = ALIGN (0x2)
 *fill*         0x008002a5        0x1 00
                0x008002a6                _edata = .
                0x008002a6                PROVIDE (__data_end, .)

.bss            0x008002a6      0x10a
                0x008002a6                PROVIDE (__bss_start, .)
 *(.bss)
 .bss           0x008002a6        0x0 d:/course embedded system/tools/imt sdk/imt_sdk_win_64/winavr/bin/../lib/gcc/avr/4.3.3/../../../../avr/lib/avr5/crtm32.o
 .bss           0x008002a6        0x0 ./MCAL/UART/UART_prg.o
 .bss           0x008002a6        0x0 ./MCAL/TIMER2/TIMER2_prg.o
 .bss           0x008002a6        0x0 ./MCAL/TIMER1/TIMER1_prg.o
 .bss           0x008002a6        0x0 ./MCAL/TIMER0/millis.o
 .bss           0x008002a6        0x0 ./MCAL/GIE/GIE_prg.o
 .bss           0x008002a6        0x0 ./MCAL/EXI/EXI_prg.o
 .bss           0x008002a6        0x0 ./MCAL/DIO/DIO_prg.o
 .bss           0x008002a6        0x0 ./MCAL/ADC/ADC_prg.o
 .bss           0x008002a6        0x0 ./HAL/ULTRASONIC/ULTRASONIC_prg.o
 .bss           0x008002a6        0x0 ./HAL/SIM808/SIM808_prg.o
 .bss           0x008002a6        0x0 ./HAL/SERVO/SERVO_prg.o
 .bss           0x008002a6        0x0 ./HAL/DC_MOTOR/DC_MOTOR_prg.o
 .bss           0x008002a6        0x0 ./APP/Main.o
 .bss           0x008002a6        0x0 ./APP/Q_learning.o
 .bss           0x008002a6        0x0 d:/course embedded system/tools/imt sdk/imt_sdk_win_64/winavr/bin/../lib/gcc/avr/4.3.3/avr5\libgcc.a(_mulsi3.o)
 .bss           0x008002a6        0x0 d:/course embedded system/tools/imt sdk/imt_sdk_win_64/winavr/bin/../lib/gcc/avr/4.3.3/avr5\libgcc.a(_divmodhi4.o)
 .bss           0x008002a6        0x0 d:/course embedded system/tools/imt sdk/imt_sdk_win_64/winavr/bin/../lib/gcc/avr/4.3.3/avr5\libgcc.a(_udivmodsi4.o)
 .bss           0x008002a6        0x0 d:/course embedded system/tools/imt sdk/imt_sdk_win_64/winavr/bin/../lib/gcc/avr/4.3.3/avr5\libgcc.a(_exit.o)
 .bss           0x008002a6        0x0 d:/course embedded system/tools/imt sdk/imt_sdk_win_64/winavr/bin/../lib/gcc/avr/4.3.3/avr5\libgcc.a(_copy_data.o)
 .bss           0x008002a6        0x0 d:/course embedded system/tools/imt sdk/imt_sdk_win_64/winavr/bin/../lib/gcc/avr/4.3.3/avr5\libgcc.a(_clear_bss.o)
 .bss           0x008002a6        0x0 d:/course embedded system/tools/imt sdk/imt_sdk_win_64/winavr/bin/../lib/gcc/avr/4.3.3/avr5\libgcc.a(_ashldi3.o)
 .bss           0x008002a6        0x0 d:/course embedded system/tools/imt sdk/imt_sdk_win_64/winavr/bin/../lib/gcc/avr/4.3.3/avr5\libgcc.a(_fixunssfsi.o)
 .bss           0x008002a6        0x0 d:/course embedded system/tools/imt sdk/imt_sdk_win_64/winavr/bin/../lib/gcc/avr/4.3.3/avr5\libgcc.a(_udivdi3.o)
 .bss           0x008002a6        0x0 d:/course embedded system/tools/imt sdk/imt_sdk_win_64/winavr/bin/../lib/gcc/avr/4.3.3/avr5\libgcc.a(_umoddi3.o)
 .bss           0x008002a6        0x0 d:/course embedded system/tools/imt sdk/imt_sdk_win_64/winavr/bin/../lib/gcc/avr/4.3.3/avr5\libgcc.a(_addsub_sf.o)
 .bss           0x008002a6        0x0 d:/course embedded system/tools/imt sdk/imt_sdk_win_64/winavr/bin/../lib/gcc/avr/4.3.3/avr5\libgcc.a(_mul_sf.o)
 .bss           0x008002a6        0x0 d:/course embedded system/tools/imt sdk/imt_sdk_win_64/winavr/bin/../lib/gcc/avr/4.3.3/avr5\libgcc.a(_div_sf.o)
 .bss           0x008002a6        0x0 d:/course embedded system/tools/imt sdk/imt_sdk_win_64/winavr/bin/../lib/gcc/avr/4.3.3/avr5\libgcc.a(_eq_sf.o)
 .bss           0x008002a6        0x0 d:/course embedded system/tools/imt sdk/imt_sdk_win_64/winavr/bin/../lib/gcc/avr/4.3.3/avr5\libgcc.a(_ge_sf.o)
 .bss           0x008002a6        0x0 d:/course embedded system/tools/imt sdk/imt_sdk_win_64/winavr/bin/../lib/gcc/avr/4.3.3/avr5\libgcc.a(_le_sf.o)
 .bss           0x008002a6        0x0 d:/course embedded system/tools/imt sdk/imt_sdk_win_64/winavr/bin/../lib/gcc/avr/4.3.3/avr5\libgcc.a(_si_to_sf.o)
 .bss           0x008002a6        0x0 d:/course embedded system/tools/imt sdk/imt_sdk_win_64/winavr/bin/../lib/gcc/avr/4.3.3/avr5\libgcc.a(_sf_to_si.o)
 .bss           0x008002a6        0x0 d:/course embedded system/tools/imt sdk/imt_sdk_win_64/winavr/bin/../lib/gcc/avr/4.3.3/avr5\libgcc.a(_thenan_sf.o)
 .bss           0x008002a6        0x0 d:/course embedded system/tools/imt sdk/imt_sdk_win_64/winavr/bin/../lib/gcc/avr/4.3.3/avr5\libgcc.a(_usi_to_sf.o)
 .bss           0x008002a6        0x0 d:/course embedded system/tools/imt sdk/imt_sdk_win_64/winavr/bin/../lib/gcc/avr/4.3.3/avr5\libgcc.a(_udivmodhi4.o)
 .bss           0x008002a6        0x0 d:/course embedded system/tools/imt sdk/imt_sdk_win_64/winavr/bin/../lib/gcc/avr/4.3.3/avr5\libgcc.a(_prologue.o)
 .bss           0x008002a6        0x0 d:/course embedded system/tools/imt sdk/imt_sdk_win_64/winavr/bin/../lib/gcc/avr/4.3.3/avr5\libgcc.a(_epilogue.o)
 .bss           0x008002a6        0x0 d:/course embedded system/tools/imt sdk/imt_sdk_win_64/winavr/bin/../lib/gcc/avr/4.3.3/avr5\libgcc.a(_clz.o)
 .bss           0x008002a6        0x0 d:/course embedded system/tools/imt sdk/imt_sdk_win_64/winavr/bin/../lib/gcc/avr/4.3.3/avr5\libgcc.a(_clzsi2.o)
 .bss           0x008002a6        0x0 d:/course embedded system/tools/imt sdk/imt_sdk_win_64/winavr/bin/../lib/gcc/avr/4.3.3/avr5\libgcc.a(_pack_sf.o)
 .bss           0x008002a6        0x0 d:/course embedded system/tools/imt sdk/imt_sdk_win_64/winavr/bin/../lib/gcc/avr/4.3.3/avr5\libgcc.a(_unpack_sf.o)
 .bss           0x008002a6        0x0 d:/course embedded system/tools/imt sdk/imt_sdk_win_64/winavr/bin/../lib/gcc/avr/4.3.3/avr5\libgcc.a(_fpcmp_parts_sf.o)
 .bss           0x008002a6        0x0 d:/course embedded system/tools/imt sdk/imt_sdk_win_64/winavr/bin/../lib/gcc/avr/4.3.3/../../../../avr/lib/avr5\libc.a(rand.o)
 .bss           0x008002a6        0x0 d:/course embedded system/tools/imt sdk/imt_sdk_win_64/winavr/bin/../lib/gcc/avr/4.3.3/../../../../avr/lib/avr5\libc.a(sprintf.o)
 .bss           0x008002a6        0x0 d:/course embedded system/tools/imt sdk/imt_sdk_win_64/winavr/bin/../lib/gcc/avr/4.3.3/../../../../avr/lib/avr5\libc.a(vfprintf_std.o)
 .bss           0x008002a6        0x0 d:/course embedded system/tools/imt sdk/imt_sdk_win_64/winavr/bin/../lib/gcc/avr/4.3.3/../../../../avr/lib/avr5\libc.a(strnlen_P.o)
 .bss           0x008002a6        0x0 d:/course embedded system/tools/imt sdk/imt_sdk_win_64/winavr/bin/../lib/gcc/avr/4.3.3/../../../../avr/lib/avr5\libc.a(strnlen.o)
 .bss           0x008002a6        0x0 d:/course embedded system/tools/imt sdk/imt_sdk_win_64/winavr/bin/../lib/gcc/avr/4.3.3/../../../../avr/lib/avr5\libc.a(fputc.o)
 .bss           0x008002a6        0x0 d:/course embedded system/tools/imt sdk/imt_sdk_win_64/winavr/bin/../lib/gcc/avr/4.3.3/../../../../avr/lib/avr5\libc.a(ultoa_invert.o)
 .bss           0x008002a6        0x0 d:/course embedded system/tools/imt sdk/imt_sdk_win_64/winavr/bin/../lib/gcc/avr/4.3.3/avr5\libgcc.a(_divmodsi4.o)
 *(.bss*)
 .bss.G_PTRF_UART_RXC
                0x008002a6        0x2 ./MCAL/UART/UART_prg.o
                0x008002a6                G_PTRF_UART_RXC
 .bss.G_PTRF_UART_UDRE
                0x008002a8        0x2 ./MCAL/UART/UART_prg.o
                0x008002a8                G_PTRF_UART_UDRE
 .bss.G_PTRF_UART_TXC
                0x008002aa        0x2 ./MCAL/UART/UART_prg.o
                0x008002aa                G_PTRF_UART_TXC
 .bss.G_PTRF_TIMER2_OVF
                0x008002ac        0x2 ./MCAL/TIMER2/TIMER2_prg.o
                0x008002ac                G_PTRF_TIMER2_OVF
 .bss.G_PTRF_TIMER2_CTC
                0x008002ae        0x2 ./MCAL/TIMER2/TIMER2_prg.o
                0x008002ae                G_PTRF_TIMER2_CTC
 .bss.G_PTRF_TIMER1_CE
                0x008002b0        0x2 ./MCAL/TIMER1/TIMER1_prg.o
                0x008002b0                G_PTRF_TIMER1_CE
 .bss.G_PTRF_TIMER1_OVF
                0x008002b2        0x2 ./MCAL/TIMER1/TIMER1_prg.o
                0x008002b2                G_PTRF_TIMER1_OVF
 .bss.G_PTRF_TIMER1_CTCA
                0x008002b4        0x2 ./MCAL/TIMER1/TIMER1_prg.o
                0x008002b4                G_PTRF_TIMER1_CTCA
 .bss.G_PTRF_TIMER1_CTCB
                0x008002b6        0x2 ./MCAL/TIMER1/TIMER1_prg.o
                0x008002b6                G_PTRF_TIMER1_CTCB
 .bss.milliseconds
                0x008002b8        0x4 ./MCAL/TIMER0/millis.o
                0x008002b8                milliseconds
 .bss.G_ISR_ptr0
                0x008002bc        0x2 ./MCAL/EXI/EXI_prg.o
 .bss.G_ISR_ptr1
                0x008002be        0x2 ./MCAL/EXI/EXI_prg.o
 .bss.G_ISR_ptr2
                0x008002c0        0x2 ./MCAL/EXI/EXI_prg.o
 .bss.G_ISR_ADC
                0x008002c2        0x2 ./MCAL/ADC/ADC_prg.o
                0x008002c2                G_ISR_ADC
 .bss.currentState
                0x008002c4        0x4 ./APP/Q_learning.o
                0x008002c4                currentState
 .bss.nextState
                0x008002c8        0x4 ./APP/Q_learning.o
                0x008002c8                nextState
 .bss.actionID  0x008002cc        0x4 ./APP/Q_learning.o
                0x008002cc                actionID
 .bss.Q2        0x008002d0       0x80 ./APP/Q_learning.o
                0x008002d0                Q2
 *(COMMON)
 COMMON         0x00800350       0x50 ./HAL/SIM808/SIM808_prg.o
                0x00800350                G_u8Latitude
                0x0080035a                state
                0x0080035b                data
                0x0080038d                longitude
                0x00800391                timegps
                0x00800392                latitude
                0x00800396                G_u8Longitude
 COMMON         0x008003a0       0x10 ./APP/Q_learning.o
                0x008003a0                max_Q
                0x008003a4                new_Q
                0x008003a8                Old_Q
                0x008003ac                reward
                0x008003b0                PROVIDE (__bss_end, .)
                0x00005170                __data_load_start = LOADADDR (.data)
                0x000053b6                __data_load_end = (__data_load_start + SIZEOF (.data))

.noinit         0x008003b0        0x0
                0x008003b0                PROVIDE (__noinit_start, .)
 *(.noinit*)
                0x008003b0                PROVIDE (__noinit_end, .)
                0x008003b0                _end = .
                0x008003b0                PROVIDE (__heap_start, .)

.eeprom         0x00810000        0x0
 *(.eeprom*)
                0x00810000                __eeprom_end = .

.fuse
 *(.fuse)
 *(.lfuse)
 *(.hfuse)
 *(.efuse)

.lock
 *(.lock*)

.signature
 *(.signature*)

.stab
 *(.stab)

.stabstr
 *(.stabstr)

.stab.excl
 *(.stab.excl)

.stab.exclstr
 *(.stab.exclstr)

.stab.index
 *(.stab.index)

.stab.indexstr
 *(.stab.indexstr)

.comment
 *(.comment)

.debug
 *(.debug)

.line
 *(.line)

.debug_srcinfo
 *(.debug_srcinfo)

.debug_sfnames
 *(.debug_sfnames)

.debug_aranges  0x00000000      0x220
 *(.debug_aranges)
 .debug_aranges
                0x00000000       0x20 d:/course embedded system/tools/imt sdk/imt_sdk_win_64/winavr/bin/../lib/gcc/avr/4.3.3/avr5\libgcc.a(_ashldi3.o)
 .debug_aranges
                0x00000020       0x20 d:/course embedded system/tools/imt sdk/imt_sdk_win_64/winavr/bin/../lib/gcc/avr/4.3.3/avr5\libgcc.a(_fixunssfsi.o)
 .debug_aranges
                0x00000040       0x20 d:/course embedded system/tools/imt sdk/imt_sdk_win_64/winavr/bin/../lib/gcc/avr/4.3.3/avr5\libgcc.a(_udivdi3.o)
 .debug_aranges
                0x00000060       0x20 d:/course embedded system/tools/imt sdk/imt_sdk_win_64/winavr/bin/../lib/gcc/avr/4.3.3/avr5\libgcc.a(_umoddi3.o)
 .debug_aranges
                0x00000080       0x20 d:/course embedded system/tools/imt sdk/imt_sdk_win_64/winavr/bin/../lib/gcc/avr/4.3.3/avr5\libgcc.a(_addsub_sf.o)
 .debug_aranges
                0x000000a0       0x20 d:/course embedded system/tools/imt sdk/imt_sdk_win_64/winavr/bin/../lib/gcc/avr/4.3.3/avr5\libgcc.a(_mul_sf.o)
 .debug_aranges
                0x000000c0       0x20 d:/course embedded system/tools/imt sdk/imt_sdk_win_64/winavr/bin/../lib/gcc/avr/4.3.3/avr5\libgcc.a(_div_sf.o)
 .debug_aranges
                0x000000e0       0x20 d:/course embedded system/tools/imt sdk/imt_sdk_win_64/winavr/bin/../lib/gcc/avr/4.3.3/avr5\libgcc.a(_eq_sf.o)
 .debug_aranges
                0x00000100       0x20 d:/course embedded system/tools/imt sdk/imt_sdk_win_64/winavr/bin/../lib/gcc/avr/4.3.3/avr5\libgcc.a(_ge_sf.o)
 .debug_aranges
                0x00000120       0x20 d:/course embedded system/tools/imt sdk/imt_sdk_win_64/winavr/bin/../lib/gcc/avr/4.3.3/avr5\libgcc.a(_le_sf.o)
 .debug_aranges
                0x00000140       0x20 d:/course embedded system/tools/imt sdk/imt_sdk_win_64/winavr/bin/../lib/gcc/avr/4.3.3/avr5\libgcc.a(_si_to_sf.o)
 .debug_aranges
                0x00000160       0x20 d:/course embedded system/tools/imt sdk/imt_sdk_win_64/winavr/bin/../lib/gcc/avr/4.3.3/avr5\libgcc.a(_sf_to_si.o)
 .debug_aranges
                0x00000180       0x20 d:/course embedded system/tools/imt sdk/imt_sdk_win_64/winavr/bin/../lib/gcc/avr/4.3.3/avr5\libgcc.a(_usi_to_sf.o)
 .debug_aranges
                0x000001a0       0x20 d:/course embedded system/tools/imt sdk/imt_sdk_win_64/winavr/bin/../lib/gcc/avr/4.3.3/avr5\libgcc.a(_clzsi2.o)
 .debug_aranges
                0x000001c0       0x20 d:/course embedded system/tools/imt sdk/imt_sdk_win_64/winavr/bin/../lib/gcc/avr/4.3.3/avr5\libgcc.a(_pack_sf.o)
 .debug_aranges
                0x000001e0       0x20 d:/course embedded system/tools/imt sdk/imt_sdk_win_64/winavr/bin/../lib/gcc/avr/4.3.3/avr5\libgcc.a(_unpack_sf.o)
 .debug_aranges
                0x00000200       0x20 d:/course embedded system/tools/imt sdk/imt_sdk_win_64/winavr/bin/../lib/gcc/avr/4.3.3/avr5\libgcc.a(_fpcmp_parts_sf.o)

.debug_pubnames
                0x00000000      0x274
 *(.debug_pubnames)
 .debug_pubnames
                0x00000000       0x20 d:/course embedded system/tools/imt sdk/imt_sdk_win_64/winavr/bin/../lib/gcc/avr/4.3.3/avr5\libgcc.a(_ashldi3.o)
 .debug_pubnames
                0x00000020       0x23 d:/course embedded system/tools/imt sdk/imt_sdk_win_64/winavr/bin/../lib/gcc/avr/4.3.3/avr5\libgcc.a(_fixunssfsi.o)
 .debug_pubnames
                0x00000043       0x20 d:/course embedded system/tools/imt sdk/imt_sdk_win_64/winavr/bin/../lib/gcc/avr/4.3.3/avr5\libgcc.a(_udivdi3.o)
 .debug_pubnames
                0x00000063       0x20 d:/course embedded system/tools/imt sdk/imt_sdk_win_64/winavr/bin/../lib/gcc/avr/4.3.3/avr5\libgcc.a(_umoddi3.o)
 .debug_pubnames
                0x00000083       0x2c d:/course embedded system/tools/imt sdk/imt_sdk_win_64/winavr/bin/../lib/gcc/avr/4.3.3/avr5\libgcc.a(_addsub_sf.o)
 .debug_pubnames
                0x000000af       0x1f d:/course embedded system/tools/imt sdk/imt_sdk_win_64/winavr/bin/../lib/gcc/avr/4.3.3/avr5\libgcc.a(_mul_sf.o)
 .debug_pubnames
                0x000000ce       0x1f d:/course embedded system/tools/imt sdk/imt_sdk_win_64/winavr/bin/../lib/gcc/avr/4.3.3/avr5\libgcc.a(_div_sf.o)
 .debug_pubnames
                0x000000ed       0x1e d:/course embedded system/tools/imt sdk/imt_sdk_win_64/winavr/bin/../lib/gcc/avr/4.3.3/avr5\libgcc.a(_eq_sf.o)
 .debug_pubnames
                0x0000010b       0x1e d:/course embedded system/tools/imt sdk/imt_sdk_win_64/winavr/bin/../lib/gcc/avr/4.3.3/avr5\libgcc.a(_ge_sf.o)
 .debug_pubnames
                0x00000129       0x1e d:/course embedded system/tools/imt sdk/imt_sdk_win_64/winavr/bin/../lib/gcc/avr/4.3.3/avr5\libgcc.a(_le_sf.o)
 .debug_pubnames
                0x00000147       0x22 d:/course embedded system/tools/imt sdk/imt_sdk_win_64/winavr/bin/../lib/gcc/avr/4.3.3/avr5\libgcc.a(_si_to_sf.o)
 .debug_pubnames
                0x00000169       0x20 d:/course embedded system/tools/imt sdk/imt_sdk_win_64/winavr/bin/../lib/gcc/avr/4.3.3/avr5\libgcc.a(_sf_to_si.o)
 .debug_pubnames
                0x00000189       0x22 d:/course embedded system/tools/imt sdk/imt_sdk_win_64/winavr/bin/../lib/gcc/avr/4.3.3/avr5\libgcc.a(_thenan_sf.o)
 .debug_pubnames
                0x000001ab       0x24 d:/course embedded system/tools/imt sdk/imt_sdk_win_64/winavr/bin/../lib/gcc/avr/4.3.3/avr5\libgcc.a(_usi_to_sf.o)
 .debug_pubnames
                0x000001cf       0x20 d:/course embedded system/tools/imt sdk/imt_sdk_win_64/winavr/bin/../lib/gcc/avr/4.3.3/avr5\libgcc.a(_clz.o)
 .debug_pubnames
                0x000001ef       0x1f d:/course embedded system/tools/imt sdk/imt_sdk_win_64/winavr/bin/../lib/gcc/avr/4.3.3/avr5\libgcc.a(_clzsi2.o)
 .debug_pubnames
                0x0000020e       0x1f d:/course embedded system/tools/imt sdk/imt_sdk_win_64/winavr/bin/../lib/gcc/avr/4.3.3/avr5\libgcc.a(_pack_sf.o)
 .debug_pubnames
                0x0000022d       0x21 d:/course embedded system/tools/imt sdk/imt_sdk_win_64/winavr/bin/../lib/gcc/avr/4.3.3/avr5\libgcc.a(_unpack_sf.o)
 .debug_pubnames
                0x0000024e       0x26 d:/course embedded system/tools/imt sdk/imt_sdk_win_64/winavr/bin/../lib/gcc/avr/4.3.3/avr5\libgcc.a(_fpcmp_parts_sf.o)

.debug_info     0x00000000     0x3606
 *(.debug_info)
 .debug_info    0x00000000      0x17f d:/course embedded system/tools/imt sdk/imt_sdk_win_64/winavr/bin/../lib/gcc/avr/4.3.3/avr5\libgcc.a(_ashldi3.o)
 .debug_info    0x0000017f       0xb1 d:/course embedded system/tools/imt sdk/imt_sdk_win_64/winavr/bin/../lib/gcc/avr/4.3.3/avr5\libgcc.a(_fixunssfsi.o)
 .debug_info    0x00000230      0x71e d:/course embedded system/tools/imt sdk/imt_sdk_win_64/winavr/bin/../lib/gcc/avr/4.3.3/avr5\libgcc.a(_udivdi3.o)
 .debug_info    0x0000094e      0x757 d:/course embedded system/tools/imt sdk/imt_sdk_win_64/winavr/bin/../lib/gcc/avr/4.3.3/avr5\libgcc.a(_umoddi3.o)
 .debug_info    0x000010a5      0x47a d:/course embedded system/tools/imt sdk/imt_sdk_win_64/winavr/bin/../lib/gcc/avr/4.3.3/avr5\libgcc.a(_addsub_sf.o)
 .debug_info    0x0000151f      0x485 d:/course embedded system/tools/imt sdk/imt_sdk_win_64/winavr/bin/../lib/gcc/avr/4.3.3/avr5\libgcc.a(_mul_sf.o)
 .debug_info    0x000019a4      0x3fc d:/course embedded system/tools/imt sdk/imt_sdk_win_64/winavr/bin/../lib/gcc/avr/4.3.3/avr5\libgcc.a(_div_sf.o)
 .debug_info    0x00001da0      0x27f d:/course embedded system/tools/imt sdk/imt_sdk_win_64/winavr/bin/../lib/gcc/avr/4.3.3/avr5\libgcc.a(_eq_sf.o)
 .debug_info    0x0000201f      0x27f d:/course embedded system/tools/imt sdk/imt_sdk_win_64/winavr/bin/../lib/gcc/avr/4.3.3/avr5\libgcc.a(_ge_sf.o)
 .debug_info    0x0000229e      0x27f d:/course embedded system/tools/imt sdk/imt_sdk_win_64/winavr/bin/../lib/gcc/avr/4.3.3/avr5\libgcc.a(_le_sf.o)
 .debug_info    0x0000251d      0x207 d:/course embedded system/tools/imt sdk/imt_sdk_win_64/winavr/bin/../lib/gcc/avr/4.3.3/avr5\libgcc.a(_si_to_sf.o)
 .debug_info    0x00002724      0x2b0 d:/course embedded system/tools/imt sdk/imt_sdk_win_64/winavr/bin/../lib/gcc/avr/4.3.3/avr5\libgcc.a(_sf_to_si.o)
 .debug_info    0x000029d4      0x12c d:/course embedded system/tools/imt sdk/imt_sdk_win_64/winavr/bin/../lib/gcc/avr/4.3.3/avr5\libgcc.a(_thenan_sf.o)
 .debug_info    0x00002b00      0x206 d:/course embedded system/tools/imt sdk/imt_sdk_win_64/winavr/bin/../lib/gcc/avr/4.3.3/avr5\libgcc.a(_usi_to_sf.o)
 .debug_info    0x00002d06       0xa9 d:/course embedded system/tools/imt sdk/imt_sdk_win_64/winavr/bin/../lib/gcc/avr/4.3.3/avr5\libgcc.a(_clz.o)
 .debug_info    0x00002daf      0x117 d:/course embedded system/tools/imt sdk/imt_sdk_win_64/winavr/bin/../lib/gcc/avr/4.3.3/avr5\libgcc.a(_clzsi2.o)
 .debug_info    0x00002ec6      0x2df d:/course embedded system/tools/imt sdk/imt_sdk_win_64/winavr/bin/../lib/gcc/avr/4.3.3/avr5\libgcc.a(_pack_sf.o)
 .debug_info    0x000031a5      0x251 d:/course embedded system/tools/imt sdk/imt_sdk_win_64/winavr/bin/../lib/gcc/avr/4.3.3/avr5\libgcc.a(_unpack_sf.o)
 .debug_info    0x000033f6      0x210 d:/course embedded system/tools/imt sdk/imt_sdk_win_64/winavr/bin/../lib/gcc/avr/4.3.3/avr5\libgcc.a(_fpcmp_parts_sf.o)
 *(.gnu.linkonce.wi.*)

.debug_abbrev   0x00000000     0x18cd
 *(.debug_abbrev)
 .debug_abbrev  0x00000000       0xee d:/course embedded system/tools/imt sdk/imt_sdk_win_64/winavr/bin/../lib/gcc/avr/4.3.3/avr5\libgcc.a(_ashldi3.o)
 .debug_abbrev  0x000000ee       0x5d d:/course embedded system/tools/imt sdk/imt_sdk_win_64/winavr/bin/../lib/gcc/avr/4.3.3/avr5\libgcc.a(_fixunssfsi.o)
 .debug_abbrev  0x0000014b      0x181 d:/course embedded system/tools/imt sdk/imt_sdk_win_64/winavr/bin/../lib/gcc/avr/4.3.3/avr5\libgcc.a(_udivdi3.o)
 .debug_abbrev  0x000002cc      0x190 d:/course embedded system/tools/imt sdk/imt_sdk_win_64/winavr/bin/../lib/gcc/avr/4.3.3/avr5\libgcc.a(_umoddi3.o)
 .debug_abbrev  0x0000045c      0x1ea d:/course embedded system/tools/imt sdk/imt_sdk_win_64/winavr/bin/../lib/gcc/avr/4.3.3/avr5\libgcc.a(_addsub_sf.o)
 .debug_abbrev  0x00000646      0x21b d:/course embedded system/tools/imt sdk/imt_sdk_win_64/winavr/bin/../lib/gcc/avr/4.3.3/avr5\libgcc.a(_mul_sf.o)
 .debug_abbrev  0x00000861      0x216 d:/course embedded system/tools/imt sdk/imt_sdk_win_64/winavr/bin/../lib/gcc/avr/4.3.3/avr5\libgcc.a(_div_sf.o)
 .debug_abbrev  0x00000a77      0x15a d:/course embedded system/tools/imt sdk/imt_sdk_win_64/winavr/bin/../lib/gcc/avr/4.3.3/avr5\libgcc.a(_eq_sf.o)
 .debug_abbrev  0x00000bd1      0x15a d:/course embedded system/tools/imt sdk/imt_sdk_win_64/winavr/bin/../lib/gcc/avr/4.3.3/avr5\libgcc.a(_ge_sf.o)
 .debug_abbrev  0x00000d2b      0x15a d:/course embedded system/tools/imt sdk/imt_sdk_win_64/winavr/bin/../lib/gcc/avr/4.3.3/avr5\libgcc.a(_le_sf.o)
 .debug_abbrev  0x00000e85      0x148 d:/course embedded system/tools/imt sdk/imt_sdk_win_64/winavr/bin/../lib/gcc/avr/4.3.3/avr5\libgcc.a(_si_to_sf.o)
 .debug_abbrev  0x00000fcd      0x17f d:/course embedded system/tools/imt sdk/imt_sdk_win_64/winavr/bin/../lib/gcc/avr/4.3.3/avr5\libgcc.a(_sf_to_si.o)
 .debug_abbrev  0x0000114c       0xad d:/course embedded system/tools/imt sdk/imt_sdk_win_64/winavr/bin/../lib/gcc/avr/4.3.3/avr5\libgcc.a(_thenan_sf.o)
 .debug_abbrev  0x000011f9      0x157 d:/course embedded system/tools/imt sdk/imt_sdk_win_64/winavr/bin/../lib/gcc/avr/4.3.3/avr5\libgcc.a(_usi_to_sf.o)
 .debug_abbrev  0x00001350       0x6a d:/course embedded system/tools/imt sdk/imt_sdk_win_64/winavr/bin/../lib/gcc/avr/4.3.3/avr5\libgcc.a(_clz.o)
 .debug_abbrev  0x000013ba       0xc4 d:/course embedded system/tools/imt sdk/imt_sdk_win_64/winavr/bin/../lib/gcc/avr/4.3.3/avr5\libgcc.a(_clzsi2.o)
 .debug_abbrev  0x0000147e      0x1c0 d:/course embedded system/tools/imt sdk/imt_sdk_win_64/winavr/bin/../lib/gcc/avr/4.3.3/avr5\libgcc.a(_pack_sf.o)
 .debug_abbrev  0x0000163e      0x154 d:/course embedded system/tools/imt sdk/imt_sdk_win_64/winavr/bin/../lib/gcc/avr/4.3.3/avr5\libgcc.a(_unpack_sf.o)
 .debug_abbrev  0x00001792      0x13b d:/course embedded system/tools/imt sdk/imt_sdk_win_64/winavr/bin/../lib/gcc/avr/4.3.3/avr5\libgcc.a(_fpcmp_parts_sf.o)

.debug_line     0x00000000     0x17ea
 *(.debug_line)
 .debug_line    0x00000000       0xd7 d:/course embedded system/tools/imt sdk/imt_sdk_win_64/winavr/bin/../lib/gcc/avr/4.3.3/avr5\libgcc.a(_ashldi3.o)
 .debug_line    0x000000d7       0xa7 d:/course embedded system/tools/imt sdk/imt_sdk_win_64/winavr/bin/../lib/gcc/avr/4.3.3/avr5\libgcc.a(_fixunssfsi.o)
 .debug_line    0x0000017e      0x1d8 d:/course embedded system/tools/imt sdk/imt_sdk_win_64/winavr/bin/../lib/gcc/avr/4.3.3/avr5\libgcc.a(_udivdi3.o)
 .debug_line    0x00000356      0x230 d:/course embedded system/tools/imt sdk/imt_sdk_win_64/winavr/bin/../lib/gcc/avr/4.3.3/avr5\libgcc.a(_umoddi3.o)
 .debug_line    0x00000586      0x2af d:/course embedded system/tools/imt sdk/imt_sdk_win_64/winavr/bin/../lib/gcc/avr/4.3.3/avr5\libgcc.a(_addsub_sf.o)
 .debug_line    0x00000835      0x239 d:/course embedded system/tools/imt sdk/imt_sdk_win_64/winavr/bin/../lib/gcc/avr/4.3.3/avr5\libgcc.a(_mul_sf.o)
 .debug_line    0x00000a6e      0x1d5 d:/course embedded system/tools/imt sdk/imt_sdk_win_64/winavr/bin/../lib/gcc/avr/4.3.3/avr5\libgcc.a(_div_sf.o)
 .debug_line    0x00000c43       0xd3 d:/course embedded system/tools/imt sdk/imt_sdk_win_64/winavr/bin/../lib/gcc/avr/4.3.3/avr5\libgcc.a(_eq_sf.o)
 .debug_line    0x00000d16       0xd3 d:/course embedded system/tools/imt sdk/imt_sdk_win_64/winavr/bin/../lib/gcc/avr/4.3.3/avr5\libgcc.a(_ge_sf.o)
 .debug_line    0x00000de9       0xd3 d:/course embedded system/tools/imt sdk/imt_sdk_win_64/winavr/bin/../lib/gcc/avr/4.3.3/avr5\libgcc.a(_le_sf.o)
 .debug_line    0x00000ebc      0x135 d:/course embedded system/tools/imt sdk/imt_sdk_win_64/winavr/bin/../lib/gcc/avr/4.3.3/avr5\libgcc.a(_si_to_sf.o)
 .debug_line    0x00000ff1      0x109 d:/course embedded system/tools/imt sdk/imt_sdk_win_64/winavr/bin/../lib/gcc/avr/4.3.3/avr5\libgcc.a(_sf_to_si.o)
 .debug_line    0x000010fa       0x90 d:/course embedded system/tools/imt sdk/imt_sdk_win_64/winavr/bin/../lib/gcc/avr/4.3.3/avr5\libgcc.a(_thenan_sf.o)
 .debug_line    0x0000118a      0x133 d:/course embedded system/tools/imt sdk/imt_sdk_win_64/winavr/bin/../lib/gcc/avr/4.3.3/avr5\libgcc.a(_usi_to_sf.o)
 .debug_line    0x000012bd       0x7c d:/course embedded system/tools/imt sdk/imt_sdk_win_64/winavr/bin/../lib/gcc/avr/4.3.3/avr5\libgcc.a(_clz.o)
 .debug_line    0x00001339       0xa5 d:/course embedded system/tools/imt sdk/imt_sdk_win_64/winavr/bin/../lib/gcc/avr/4.3.3/avr5\libgcc.a(_clzsi2.o)
 .debug_line    0x000013de      0x18a d:/course embedded system/tools/imt sdk/imt_sdk_win_64/winavr/bin/../lib/gcc/avr/4.3.3/avr5\libgcc.a(_pack_sf.o)
 .debug_line    0x00001568      0x14b d:/course embedded system/tools/imt sdk/imt_sdk_win_64/winavr/bin/../lib/gcc/avr/4.3.3/avr5\libgcc.a(_unpack_sf.o)
 .debug_line    0x000016b3      0x137 d:/course embedded system/tools/imt sdk/imt_sdk_win_64/winavr/bin/../lib/gcc/avr/4.3.3/avr5\libgcc.a(_fpcmp_parts_sf.o)

.debug_frame    0x00000000      0x240
 *(.debug_frame)
 .debug_frame   0x00000000       0x20 d:/course embedded system/tools/imt sdk/imt_sdk_win_64/winavr/bin/../lib/gcc/avr/4.3.3/avr5\libgcc.a(_ashldi3.o)
 .debug_frame   0x00000020       0x20 d:/course embedded system/tools/imt sdk/imt_sdk_win_64/winavr/bin/../lib/gcc/avr/4.3.3/avr5\libgcc.a(_fixunssfsi.o)
 .debug_frame   0x00000040       0x20 d:/course embedded system/tools/imt sdk/imt_sdk_win_64/winavr/bin/../lib/gcc/avr/4.3.3/avr5\libgcc.a(_udivdi3.o)
 .debug_frame   0x00000060       0x20 d:/course embedded system/tools/imt sdk/imt_sdk_win_64/winavr/bin/../lib/gcc/avr/4.3.3/avr5\libgcc.a(_umoddi3.o)
 .debug_frame   0x00000080       0x40 d:/course embedded system/tools/imt sdk/imt_sdk_win_64/winavr/bin/../lib/gcc/avr/4.3.3/avr5\libgcc.a(_addsub_sf.o)
 .debug_frame   0x000000c0       0x20 d:/course embedded system/tools/imt sdk/imt_sdk_win_64/winavr/bin/../lib/gcc/avr/4.3.3/avr5\libgcc.a(_mul_sf.o)
 .debug_frame   0x000000e0       0x20 d:/course embedded system/tools/imt sdk/imt_sdk_win_64/winavr/bin/../lib/gcc/avr/4.3.3/avr5\libgcc.a(_div_sf.o)
 .debug_frame   0x00000100       0x20 d:/course embedded system/tools/imt sdk/imt_sdk_win_64/winavr/bin/../lib/gcc/avr/4.3.3/avr5\libgcc.a(_eq_sf.o)
 .debug_frame   0x00000120       0x20 d:/course embedded system/tools/imt sdk/imt_sdk_win_64/winavr/bin/../lib/gcc/avr/4.3.3/avr5\libgcc.a(_ge_sf.o)
 .debug_frame   0x00000140       0x20 d:/course embedded system/tools/imt sdk/imt_sdk_win_64/winavr/bin/../lib/gcc/avr/4.3.3/avr5\libgcc.a(_le_sf.o)
 .debug_frame   0x00000160       0x20 d:/course embedded system/tools/imt sdk/imt_sdk_win_64/winavr/bin/../lib/gcc/avr/4.3.3/avr5\libgcc.a(_si_to_sf.o)
 .debug_frame   0x00000180       0x20 d:/course embedded system/tools/imt sdk/imt_sdk_win_64/winavr/bin/../lib/gcc/avr/4.3.3/avr5\libgcc.a(_sf_to_si.o)
 .debug_frame   0x000001a0       0x20 d:/course embedded system/tools/imt sdk/imt_sdk_win_64/winavr/bin/../lib/gcc/avr/4.3.3/avr5\libgcc.a(_usi_to_sf.o)
 .debug_frame   0x000001c0       0x20 d:/course embedded system/tools/imt sdk/imt_sdk_win_64/winavr/bin/../lib/gcc/avr/4.3.3/avr5\libgcc.a(_clzsi2.o)
 .debug_frame   0x000001e0       0x20 d:/course embedded system/tools/imt sdk/imt_sdk_win_64/winavr/bin/../lib/gcc/avr/4.3.3/avr5\libgcc.a(_pack_sf.o)
 .debug_frame   0x00000200       0x20 d:/course embedded system/tools/imt sdk/imt_sdk_win_64/winavr/bin/../lib/gcc/avr/4.3.3/avr5\libgcc.a(_unpack_sf.o)
 .debug_frame   0x00000220       0x20 d:/course embedded system/tools/imt sdk/imt_sdk_win_64/winavr/bin/../lib/gcc/avr/4.3.3/avr5\libgcc.a(_fpcmp_parts_sf.o)

.debug_str      0x00000000      0x3aa
 *(.debug_str)
 .debug_str     0x00000000       0xdf d:/course embedded system/tools/imt sdk/imt_sdk_win_64/winavr/bin/../lib/gcc/avr/4.3.3/avr5\libgcc.a(_ashldi3.o)
                                0x131 (size before relaxing)
 .debug_str     0x000000df       0x14 d:/course embedded system/tools/imt sdk/imt_sdk_win_64/winavr/bin/../lib/gcc/avr/4.3.3/avr5\libgcc.a(_fixunssfsi.o)
                                 0xfe (size before relaxing)
 .debug_str     0x000000f3       0x7c d:/course embedded system/tools/imt sdk/imt_sdk_win_64/winavr/bin/../lib/gcc/avr/4.3.3/avr5\libgcc.a(_udivdi3.o)
                                0x18a (size before relaxing)
 .debug_str     0x0000016f        0xa d:/course embedded system/tools/imt sdk/imt_sdk_win_64/winavr/bin/../lib/gcc/avr/4.3.3/avr5\libgcc.a(_umoddi3.o)
                                0x18a (size before relaxing)
 .debug_str     0x00000179      0x14d d:/course embedded system/tools/imt sdk/imt_sdk_win_64/winavr/bin/../lib/gcc/avr/4.3.3/avr5\libgcc.a(_addsub_sf.o)
                                0x206 (size before relaxing)
 .debug_str     0x000002c6       0x27 d:/course embedded system/tools/imt sdk/imt_sdk_win_64/winavr/bin/../lib/gcc/avr/4.3.3/avr5\libgcc.a(_mul_sf.o)
                                0x1bf (size before relaxing)
 .debug_str     0x000002ed       0x35 d:/course embedded system/tools/imt sdk/imt_sdk_win_64/winavr/bin/../lib/gcc/avr/4.3.3/avr5\libgcc.a(_div_sf.o)
                                0x1c8 (size before relaxing)
 .debug_str     0x00000322        0x8 d:/course embedded system/tools/imt sdk/imt_sdk_win_64/winavr/bin/../lib/gcc/avr/4.3.3/avr5\libgcc.a(_eq_sf.o)
                                0x195 (size before relaxing)
 .debug_str     0x0000032a        0x8 d:/course embedded system/tools/imt sdk/imt_sdk_win_64/winavr/bin/../lib/gcc/avr/4.3.3/avr5\libgcc.a(_ge_sf.o)
                                0x195 (size before relaxing)
 .debug_str     0x00000332        0x8 d:/course embedded system/tools/imt sdk/imt_sdk_win_64/winavr/bin/../lib/gcc/avr/4.3.3/avr5\libgcc.a(_le_sf.o)
                                0x195 (size before relaxing)
 .debug_str     0x0000033a       0x1e d:/course embedded system/tools/imt sdk/imt_sdk_win_64/winavr/bin/../lib/gcc/avr/4.3.3/avr5\libgcc.a(_si_to_sf.o)
                                0x17b (size before relaxing)
 .debug_str     0x00000358        0xa d:/course embedded system/tools/imt sdk/imt_sdk_win_64/winavr/bin/../lib/gcc/avr/4.3.3/avr5\libgcc.a(_sf_to_si.o)
                                0x19e (size before relaxing)
 .debug_str     0x00000000      0x103 d:/course embedded system/tools/imt sdk/imt_sdk_win_64/winavr/bin/../lib/gcc/avr/4.3.3/avr5\libgcc.a(_thenan_sf.o)
 .debug_str     0x00000362       0x14 d:/course embedded system/tools/imt sdk/imt_sdk_win_64/winavr/bin/../lib/gcc/avr/4.3.3/avr5\libgcc.a(_usi_to_sf.o)
                                0x177 (size before relaxing)
 .debug_str     0x00000000       0xf4 d:/course embedded system/tools/imt sdk/imt_sdk_win_64/winavr/bin/../lib/gcc/avr/4.3.3/avr5\libgcc.a(_clz.o)
 .debug_str     0x00000376        0x9 d:/course embedded system/tools/imt sdk/imt_sdk_win_64/winavr/bin/../lib/gcc/avr/4.3.3/avr5\libgcc.a(_clzsi2.o)
                                0x111 (size before relaxing)
 .debug_str     0x0000037f       0x10 d:/course embedded system/tools/imt sdk/imt_sdk_win_64/winavr/bin/../lib/gcc/avr/4.3.3/avr5\libgcc.a(_pack_sf.o)
                                0x19d (size before relaxing)
 .debug_str     0x0000038f        0xb d:/course embedded system/tools/imt sdk/imt_sdk_win_64/winavr/bin/../lib/gcc/avr/4.3.3/avr5\libgcc.a(_unpack_sf.o)
                                0x17f (size before relaxing)
 .debug_str     0x0000039a       0x10 d:/course embedded system/tools/imt sdk/imt_sdk_win_64/winavr/bin/../lib/gcc/avr/4.3.3/avr5\libgcc.a(_fpcmp_parts_sf.o)
                                0x163 (size before relaxing)

.debug_loc      0x00000000     0x2438
 *(.debug_loc)
 .debug_loc     0x00000000       0xf8 d:/course embedded system/tools/imt sdk/imt_sdk_win_64/winavr/bin/../lib/gcc/avr/4.3.3/avr5\libgcc.a(_ashldi3.o)
 .debug_loc     0x000000f8       0x34 d:/course embedded system/tools/imt sdk/imt_sdk_win_64/winavr/bin/../lib/gcc/avr/4.3.3/avr5\libgcc.a(_fixunssfsi.o)
 .debug_loc     0x0000012c      0xe74 d:/course embedded system/tools/imt sdk/imt_sdk_win_64/winavr/bin/../lib/gcc/avr/4.3.3/avr5\libgcc.a(_udivdi3.o)
 .debug_loc     0x00000fa0      0xab2 d:/course embedded system/tools/imt sdk/imt_sdk_win_64/winavr/bin/../lib/gcc/avr/4.3.3/avr5\libgcc.a(_umoddi3.o)
 .debug_loc     0x00001a52      0x32a d:/course embedded system/tools/imt sdk/imt_sdk_win_64/winavr/bin/../lib/gcc/avr/4.3.3/avr5\libgcc.a(_addsub_sf.o)
 .debug_loc     0x00001d7c      0x104 d:/course embedded system/tools/imt sdk/imt_sdk_win_64/winavr/bin/../lib/gcc/avr/4.3.3/avr5\libgcc.a(_mul_sf.o)
 .debug_loc     0x00001e80       0xc0 d:/course embedded system/tools/imt sdk/imt_sdk_win_64/winavr/bin/../lib/gcc/avr/4.3.3/avr5\libgcc.a(_div_sf.o)
 .debug_loc     0x00001f40       0x3c d:/course embedded system/tools/imt sdk/imt_sdk_win_64/winavr/bin/../lib/gcc/avr/4.3.3/avr5\libgcc.a(_eq_sf.o)
 .debug_loc     0x00001f7c       0x3c d:/course embedded system/tools/imt sdk/imt_sdk_win_64/winavr/bin/../lib/gcc/avr/4.3.3/avr5\libgcc.a(_ge_sf.o)
 .debug_loc     0x00001fb8       0x3c d:/course embedded system/tools/imt sdk/imt_sdk_win_64/winavr/bin/../lib/gcc/avr/4.3.3/avr5\libgcc.a(_le_sf.o)
 .debug_loc     0x00001ff4       0xac d:/course embedded system/tools/imt sdk/imt_sdk_win_64/winavr/bin/../lib/gcc/avr/4.3.3/avr5\libgcc.a(_si_to_sf.o)
 .debug_loc     0x000020a0       0x7e d:/course embedded system/tools/imt sdk/imt_sdk_win_64/winavr/bin/../lib/gcc/avr/4.3.3/avr5\libgcc.a(_sf_to_si.o)
 .debug_loc     0x0000211e       0x4c d:/course embedded system/tools/imt sdk/imt_sdk_win_64/winavr/bin/../lib/gcc/avr/4.3.3/avr5\libgcc.a(_usi_to_sf.o)
 .debug_loc     0x0000216a       0x94 d:/course embedded system/tools/imt sdk/imt_sdk_win_64/winavr/bin/../lib/gcc/avr/4.3.3/avr5\libgcc.a(_clzsi2.o)
 .debug_loc     0x000021fe      0x13e d:/course embedded system/tools/imt sdk/imt_sdk_win_64/winavr/bin/../lib/gcc/avr/4.3.3/avr5\libgcc.a(_pack_sf.o)
 .debug_loc     0x0000233c       0xac d:/course embedded system/tools/imt sdk/imt_sdk_win_64/winavr/bin/../lib/gcc/avr/4.3.3/avr5\libgcc.a(_unpack_sf.o)
 .debug_loc     0x000023e8       0x50 d:/course embedded system/tools/imt sdk/imt_sdk_win_64/winavr/bin/../lib/gcc/avr/4.3.3/avr5\libgcc.a(_fpcmp_parts_sf.o)

.debug_macinfo
 *(.debug_macinfo)
OUTPUT(55-Last_Test_IMT_Project.elf elf32-avr)
LOAD linker stubs

.debug_ranges   0x00000000       0x80
 .debug_ranges  0x00000000       0x18 d:/course embedded system/tools/imt sdk/imt_sdk_win_64/winavr/bin/../lib/gcc/avr/4.3.3/avr5\libgcc.a(_udivdi3.o)
 .debug_ranges  0x00000018       0x18 d:/course embedded system/tools/imt sdk/imt_sdk_win_64/winavr/bin/../lib/gcc/avr/4.3.3/avr5\libgcc.a(_umoddi3.o)
 .debug_ranges  0x00000030       0x50 d:/course embedded system/tools/imt sdk/imt_sdk_win_64/winavr/bin/../lib/gcc/avr/4.3.3/avr5\libgcc.a(_mul_sf.o)
